[demo.hasthemes.com/brook-preview/index-design-studio.html]
[backblue.gif]
[fade.gif]
[index.html]
[demo.hasthemes.com/brook-preview/img/favicon.ico]
[demo.hasthemes.com/brook-preview/img/icon.png]
[demo.hasthemes.com/brook-preview/css/bootstrap.min.css]
[demo.hasthemes.com/brook-preview/css/revoulation.css]
[demo.hasthemes.com/brook-preview/style.css]
[demo.hasthemes.com/brook-preview/img/icons/brook-preloader.gif]
[demo.hasthemes.com/brook-preview/index.html]
[demo.hasthemes.com/brook-preview/img/logo/brook-white.png]
[demo.hasthemes.com/brook-preview/index-creative-agency.html]
[demo.hasthemes.com/brook-preview/index-business.html]
[demo.hasthemes.com/brook-preview/index-digital-agency.html]
[demo.hasthemes.com/brook-preview/index-architecture.html]
[demo.hasthemes.com/brook-preview/index-minimal-agency.html]
[demo.hasthemes.com/brook-preview/index-start-ups.html]
[demo.hasthemes.com/brook-preview/index-freelancer.html]
[demo.hasthemes.com/brook-preview/index-authentic-studio.html]
[demo.hasthemes.com/brook-preview/index-revolutionary.html]
[demo.hasthemes.com/brook-preview/index-creative-portfolio.html]
[demo.hasthemes.com/brook-preview/index-minimal-portfolio.html]
[demo.hasthemes.com/brook-preview/index-vertical-slider-portfolio.html]
[demo.hasthemes.com/brook-preview/index-portfolio-fullscreen-slider-left-vertical-header.html]
[demo.hasthemes.com/brook-preview/index-vertical-slide-gradient-portfolio.html]
[demo.hasthemes.com/brook-preview/index-masonry-gallery.html]
[demo.hasthemes.com/brook-preview/index-portfolio-fullscreen-type-hover.html]
[demo.hasthemes.com/brook-preview/index-portfolio-fullscreen-type-hover-02.html]
[demo.hasthemes.com/brook-preview/index-digital-broadsheets.html]
[demo.hasthemes.com/brook-preview/index-onepage.html]
[demo.hasthemes.com/brook-preview/index-landing.html]
[demo.hasthemes.com/brook-preview/index-product-landing.html]
[demo.hasthemes.com/brook-preview/index-home-service.html]
[demo.hasthemes.com/brook-preview/index-presentation.html]
[demo.hasthemes.com/brook-preview/index-indie-musician.html]
[demo.hasthemes.com/brook-preview/index-shop.html]
[demo.hasthemes.com/brook-preview/index-news-bulletin.html]
[demo.hasthemes.com/brook-preview/index-expert.html]
[demo.hasthemes.com/brook-preview/index-vertical-menu.html]
[demo.hasthemes.com/brook-preview/index-photo-slider-gallery.html]
[demo.hasthemes.com/brook-preview/index-minimal-metro-grid.html]
[demo.hasthemes.com/brook-preview/index-portfolio-slide.html]
[demo.hasthemes.com/brook-preview/index-blog-metro.html]
[demo.hasthemes.com/brook-preview/index-blog-grid.html]
[demo.hasthemes.com/brook-preview/index-foodie.html]
[demo.hasthemes.com/brook-preview/about-us-02.html]
[demo.hasthemes.com/brook-preview/about-us-01.html]
[demo.hasthemes.com/brook-preview/about-us-03.html]
[demo.hasthemes.com/brook-preview/about-us-04.html]
[demo.hasthemes.com/brook-preview/about-us-05.html]
[demo.hasthemes.com/brook-preview/contact-us-modern.html]
[demo.hasthemes.com/brook-preview/contact-us-classic.html]
[demo.hasthemes.com/brook-preview/contact-us-with-map.html]
[demo.hasthemes.com/brook-preview/services-classic.html]
[demo.hasthemes.com/brook-preview/services-modern.html]
[demo.hasthemes.com/brook-preview/services-list.html]
[demo.hasthemes.com/brook-preview/pricing-plans-02.html]
[demo.hasthemes.com/brook-preview/pricing-plans.html]
[demo.hasthemes.com/brook-preview/career.html]
[demo.hasthemes.com/brook-preview/team-carousel-01.html]
[demo.hasthemes.com/brook-preview/team-grid.html]
[demo.hasthemes.com/brook-preview/team-carousel-02.html]
[demo.hasthemes.com/brook-preview/maintenance.html]
[demo.hasthemes.com/brook-preview/coming-soon.html]
[demo.hasthemes.com/brook-preview/404.html]
[demo.hasthemes.com/brook-preview/img/others/mega-menu-image-01.jpg]
[demo.hasthemes.com/brook-preview/shop-minimal.html]
[demo.hasthemes.com/brook-preview/shop-fullwide.html]
[demo.hasthemes.com/brook-preview/cart.html]
[demo.hasthemes.com/brook-preview/compare.html]
[demo.hasthemes.com/brook-preview/my-account.html]
[demo.hasthemes.com/brook-preview/login-register.html]
[demo.hasthemes.com/brook-preview/checkout.html]
[demo.hasthemes.com/brook-preview/wishlist.html]
[demo.hasthemes.com/brook-preview/single-product.html]
[demo.hasthemes.com/brook-preview/portfolio-grid-boxed.html]
[demo.hasthemes.com/brook-preview/single-product2.html]
[demo.hasthemes.com/brook-preview/portfolio-grid-wide.html]
[demo.hasthemes.com/brook-preview/portfolio-details-image-with-caption.html]
[demo.hasthemes.com/brook-preview/portfolio-with-caption-video.html]
[demo.hasthemes.com/brook-preview/portfolio-grid-metro-01.html]
[demo.hasthemes.com/brook-preview/portfolio-grid-metro-03.html]
[demo.hasthemes.com/brook-preview/portfolio-grid-metro-02.html]
[demo.hasthemes.com/brook-preview/porfolio-grid-masonry-nogap.html]
[demo.hasthemes.com/brook-preview/portfolio-ajax-filter.html]
[demo.hasthemes.com/brook-preview/portfolio-static-filter.html]
[demo.hasthemes.com/brook-preview/portfolio-overlay.html]
[demo.hasthemes.com/brook-preview/portfolio-details-right.html]
[demo.hasthemes.com/brook-preview/portfolio-details.html]
[demo.hasthemes.com/brook-preview/portfolio-details-left-wide.html]
[demo.hasthemes.com/brook-preview/portfolio-details-right-wide.html]
[demo.hasthemes.com/brook-preview/portfolio-details-custom-layout-01.html]
[demo.hasthemes.com/brook-preview/portfolio-details-custom-layout-02.html]
[demo.hasthemes.com/brook-preview/portfolio-details-custom-layout-03.html]
[demo.hasthemes.com/brook-preview/portfolio-details-custom-layout-04.html]
[demo.hasthemes.com/brook-preview/portfolio-details-custom-layout-05.html]
[demo.hasthemes.com/brook-preview/portfolio-details-custom-layout-06.html]
[demo.hasthemes.com/brook-preview/portfolio-details-custom-layout-07.html]
[demo.hasthemes.com/brook-preview/portfolio-details-custom-layout-08.html]
[demo.hasthemes.com/brook-preview/brand.html]
[demo.hasthemes.com/brook-preview/flexible-image-slider.html]
[demo.hasthemes.com/brook-preview/carousel-slider.html]
[demo.hasthemes.com/brook-preview/team.html]
[demo.hasthemes.com/brook-preview/call-to-action-banner.html]
[demo.hasthemes.com/brook-preview/pricing-box.html]
[demo.hasthemes.com/brook-preview/instagram.html]
[demo.hasthemes.com/brook-preview/countdown-clocks.html]
[demo.hasthemes.com/brook-preview/counters.html]
[demo.hasthemes.com/brook-preview/progress-charts.html]
[demo.hasthemes.com/brook-preview/icon-boxes.html]
[demo.hasthemes.com/brook-preview/testimonial.html]
[demo.hasthemes.com/brook-preview/dividers.html]
[demo.hasthemes.com/brook-preview/tabs.html]
[demo.hasthemes.com/brook-preview/contact.html]
[demo.hasthemes.com/brook-preview/google-map.html]
[demo.hasthemes.com/brook-preview/social-network.html]
[demo.hasthemes.com/brook-preview/gallery.html]
[demo.hasthemes.com/brook-preview/popup-video.html]
[demo.hasthemes.com/brook-preview/gradation.html]
[demo.hasthemes.com/brook-preview/rows-and-columns.html]
[demo.hasthemes.com/brook-preview/message-box.html]
[demo.hasthemes.com/brook-preview/accordion.html]
[demo.hasthemes.com/brook-preview/buttons.html]
[demo.hasthemes.com/brook-preview/typography.html]
[demo.hasthemes.com/brook-preview/typed-text.html]
[demo.hasthemes.com/brook-preview/lists.html]
[demo.hasthemes.com/brook-preview/pricing-table.html]
[demo.hasthemes.com/brook-preview/blog-standard-list.html]
[demo.hasthemes.com/brook-preview/blog-creative.html]
[demo.hasthemes.com/brook-preview/blog-grid-classic.html]
[demo.hasthemes.com/brook-preview/blog-grid-classic-sidebar.html]
[demo.hasthemes.com/brook-preview/blog-grid-mesonry.html]
[demo.hasthemes.com/brook-preview/blog-grid-metro.html]
[demo.hasthemes.com/brook-preview/blog-grid-minimal-outline.html]
[demo.hasthemes.com/brook-preview/blog-grid-minimal.html]
[demo.hasthemes.com/brook-preview/blog-grid-standard.html]
[demo.hasthemes.com/brook-preview/blog-grid-simple.html]
[demo.hasthemes.com/brook-preview/blog-grid-sticky.html]
[demo.hasthemes.com/brook-preview/blog-grid-modern.html]
[demo.hasthemes.com/brook-preview/blog-overlay-image-list.html]
[demo.hasthemes.com/brook-preview/blog-load-more-button.html]
[demo.hasthemes.com/brook-preview/blog-lazy-load.html]
[demo.hasthemes.com/brook-preview/blog-numeric-pagination.html]
[demo.hasthemes.com/brook-preview/blog-details.html]
[demo.hasthemes.com/brook-preview/blog-details-gallery.html]
[demo.hasthemes.com/brook-preview/blog-details-video.html]
[demo.hasthemes.com/brook-preview/blog-details-audio.html]
[demo.hasthemes.com/brook-preview/blog-details-quote.html]
[demo.hasthemes.com/brook-preview/blog-details-left-sidebar.html]
[demo.hasthemes.com/brook-preview/blog-details-modern-layout-gallery.html]
[demo.hasthemes.com/brook-preview/blog-details-modern-layout.html]
[demo.hasthemes.com/brook-preview/blog-details-modern-layout-video.html]
[demo.hasthemes.com/brook-preview/blog-details-modern-layout-audio.html]
[demo.hasthemes.com/brook-preview/blog-details-modern-layout-quote.html]
[demo.hasthemes.com/brook-preview/img/product/sm-image/sm-cat1-01.jpg]
[demo.hasthemes.com/brook-preview/img/product/sm-image/sm-cat1-02.jpg]
[demo.hasthemes.com/brook-preview/blog-details-no-sidebar.html]
[demo.hasthemes.com/brook-preview/img/product/sm-image/sm-cat1-03.jpg]
[demo.hasthemes.com/brook-preview/img/logo/brook-black.png]
[demo.hasthemes.com/brook-preview/img/demo-image/home-business.jpg]
[demo.hasthemes.com/brook-preview/img/demo-image/home-expert.jpg]
[demo.hasthemes.com/brook-preview/img/demo-image/home-revolutionary.jpg]
[demo.hasthemes.com/brook-preview/img/demo-image/home-authentic-studio.jpg]
[demo.hasthemes.com/brook-preview/index-astronomy.html]
[demo.hasthemes.com/brook-preview/img/demo-image/home-astronomy.jpg]
[demo.hasthemes.com/brook-preview/img/demo-image/home-news-bulletin.jpg]
[demo.hasthemes.com/brook-preview/img/demo-image/home-digital-broadsheets.jpg]
[demo.hasthemes.com/brook-preview/img/demo-image/home-creative-agency.jpg]
[demo.hasthemes.com/brook-preview/img/demo-image/home-digital-agency.jpg]
[demo.hasthemes.com/brook-preview/img/demo-image/home-vertical-menu.jpg]
[demo.hasthemes.com/brook-preview/img/demo-image/home-design-studio.jpg]
[demo.hasthemes.com/brook-preview/img/demo-image/home-creative-portfolio.jpg]
[demo.hasthemes.com/brook-preview/img/demo-image/home-freelancer.jpg]
[demo.hasthemes.com/brook-preview/img/demo-image/home-vertical-slide-portfolio.jpg]
[demo.hasthemes.com/brook-preview/img/demo-image/home-minimal-portfolio.jpg]
[demo.hasthemes.com/brook-preview/img/demo-image/home-onepage.jpg]
[demo.hasthemes.com/brook-preview/img/demo-image/home-landing.jpg]
[demo.hasthemes.com/brook-preview/img/demo-image/home-architecture.jpg]
[demo.hasthemes.com/brook-preview/img/demo-image/home-hover-type-02.jpg]
[demo.hasthemes.com/brook-preview/img/demo-image/home-minimal-agency.jpg]
[demo.hasthemes.com/brook-preview/img/demo-image/home-start-ups.jpg]
[demo.hasthemes.com/brook-preview/img/demo-image/home-presentation.jpg]
[demo.hasthemes.com/brook-preview/img/demo-image/home-metro-blog.jpg]
[demo.hasthemes.com/brook-preview/img/demo-image/home-portfolio-masonry-left-vertical-header.jpg]
[demo.hasthemes.com/brook-preview/img/demo-image/home-masonry-gallery.jpg]
[demo.hasthemes.com/brook-preview/index-portfolio-mesonry-left-vertical-header.html]
[demo.hasthemes.com/brook-preview/img/demo-image/home-service.jpg]
[demo.hasthemes.com/brook-preview/img/demo-image/home-minimal-metro-grid.jpg]
[demo.hasthemes.com/brook-preview/img/demo-image/home-shop.jpg]
[demo.hasthemes.com/brook-preview/img/demo-image/home-product-landing.jpg]
[demo.hasthemes.com/brook-preview/img/demo-image/home-indie-musician.jpg]
[demo.hasthemes.com/brook-preview/img/demo-image/home-foodie.jpg]
[demo.hasthemes.com/brook-preview/img/demo-image/home-vertical-slide-gradient-portfolio.jpg]
[demo.hasthemes.com/brook-preview/img/demo-image/home-portfolio-fullscreen-slider-left-vertical-header.jpg]
[demo.hasthemes.com/brook-preview/img/demo-image/home-hover-type.jpg]
[demo.hasthemes.com/brook-preview/img/demo-image/home-portfolio-slide.jpg]
[demo.hasthemes.com/brook-preview/img/demo-image/home-photo-slider-gallery.jpg]
[demo.hasthemes.com/brook-preview/img/demo-image/home-grid-blog.jpg]
[demo.hasthemes.com/brook-preview/img/revoulation/slider-design-studio-slide-01-bg.jpg]
[demo.hasthemes.com/brook-preview/img/revoulation/mouse-icon.png]
[demo.hasthemes.com/brook-preview/img/revoulation/slider-home-design-studio-slide-01-image-01.jpg]
[demo.hasthemes.com/brook-preview/img/service/icon-box/icon-1.png]
[demo.hasthemes.com/brook-preview/img/service/icon-box/icon-2.png]
[demo.hasthemes.com/brook-preview/img/service/icon-box/icon-3.png]
[demo.hasthemes.com/brook-preview/img/team/team-3/team-1.jpg]
[demo.hasthemes.com/brook-preview/img/team/team-3/team-2.jpg]
[demo.hasthemes.com/brook-preview/img/team/team-3/team-3.jpg]
[demo.hasthemes.com/brook-preview/img/team/team-3/team-4.jpg]
[demo.hasthemes.com/brook-preview/img/team/team-3/team-5.jpg]
[demo.hasthemes.com/brook-preview/img/team/team-3/team-6.jpg]
[demo.hasthemes.com/brook-preview/img/about/about-6.jpg]
[demo.hasthemes.com/brook-preview/img/testimonial/clint-2/client-logo-01.png]
[demo.hasthemes.com/brook-preview/img/testimonial/clint-2/client-logo-02.png]
[demo.hasthemes.com/brook-preview/img/testimonial/clint-2/client-logo-03.png]
[demo.hasthemes.com/brook-preview/img/testimonial/clint-2/client-logo-04.png]
[demo.hasthemes.com/brook-preview/img/testimonial/clint-2/client-logo-05.png]
[demo.hasthemes.com/brook-preview/img/testimonial/clint-2/client-logo-06.png]
[demo.hasthemes.com/brook-preview/img/testimonial/clint-1/clint-6.jpg]
[demo.hasthemes.com/brook-preview/img/blog/grid/grid-1.jpg]
[demo.hasthemes.com/brook-preview/img/blog/grid/grid-2.jpg]
[demo.hasthemes.com/brook-preview/img/blog/grid/grid-3.jpg]
[demo.hasthemes.com/brook-preview/js/vendor/modernizr-3.6.0.min.js]
[demo.hasthemes.com/brook-preview/js/vendor/jquery.min.js]
[demo.hasthemes.com/brook-preview/js/popper.min.js]
[demo.hasthemes.com/brook-preview/js/bootstrap.min.js]
[demo.hasthemes.com/brook-preview/js/plugins.js]
[demo.hasthemes.com/brook-preview/js/main.js]
[demo.hasthemes.com/brook-preview/js/jquery.themepunch.tools.min.js]
[demo.hasthemes.com/brook-preview/js/jquery.themepunch.revolution.min.js]
[demo.hasthemes.com/brook-preview/js/revolution.extension.actions.min.js]
[demo.hasthemes.com/brook-preview/js/revolution.extension.carousel.min.js]
[demo.hasthemes.com/brook-preview/js/revolution.extension.kenburn.min.js]
[demo.hasthemes.com/brook-preview/js/revolution.extension.layeranimation.min.js]
[demo.hasthemes.com/brook-preview/js/revolution.extension.migration.min.js]
[demo.hasthemes.com/brook-preview/js/revolution.extension.navigation.min.js]
[demo.hasthemes.com/brook-preview/js/revolution.extension.parallax.min.js]
[demo.hasthemes.com/brook-preview/js/revolution.extension.slideanims.min.js]
[demo.hasthemes.com/brook-preview/js/revolution.extension.video.min.js]
[demo.hasthemes.com/brook-preview/index-design-studio.html]
[demo.hasthemes.com/brook-preview/css/bootstrap.min.css]
[demo.hasthemes.com/brook-preview/js/revoulation.js]
[demo.hasthemes.com/brook-preview/fonts/revicons/revicons90c6.eot]
[demo.hasthemes.com/brook-preview/fonts/revicons/revicons90c6.woff]
[demo.hasthemes.com/brook-preview/fonts/revicons/revicons90c6.ttf]
[demo.hasthemes.com/brook-preview/fonts/revicons/revicons90c6.svg]
[demo.hasthemes.com/brook-preview/img/revoulation/coloredbg.png]
[demo.hasthemes.com/brook-preview/img/revoulation/loader.gif]
[demo.hasthemes.com/brook-preview/css/revoulation.css]
[demo.hasthemes.com/brook-preview/fonts/fontawesome-free/css/all.css]
[demo.hasthemes.com/brook-preview/css/meanmenu.css]
[demo.hasthemes.com/brook-preview/css/slick.min.css]
[demo.hasthemes.com/brook-preview/css/ionicons.css]
[demo.hasthemes.com/brook-preview/css/lauis.css]
[demo.hasthemes.com/brook-preview/css/swiper.css]
[demo.hasthemes.com/brook-preview/css/linea-font.css]
[demo.hasthemes.com/brook-preview/css/count-flip.css]
[demo.hasthemes.com/brook-preview/css/animation.css]
[demo.hasthemes.com/brook-preview/css/lightbox.css]
[demo.hasthemes.com/brook-preview/css/justify.css]
[demo.hasthemes.com/brook-preview/css/animated-text.css]
[demo.hasthemes.com/brook-preview/css/jquery-ui.css]
[demo.hasthemes.com/brook-preview/css/plugins.css]
[demo.hasthemes.com/brook-preview/css/plyr.css]
[demo.hasthemes.com/brook-preview/img/icons/text.png]
[demo.hasthemes.com/brook-preview/img/icons/text2.png]
[demo.hasthemes.com/brook-preview/img/bg/bg-image-1.jpg]
[demo.hasthemes.com/brook-preview/img/bg/bg-image-2.jpg]
[demo.hasthemes.com/brook-preview/img/bg/bg-image-3.jpg]
[demo.hasthemes.com/brook-preview/img/bg/bg-image-4.jpg]
[demo.hasthemes.com/brook-preview/img/bg/bg-image-5.jpg]
[demo.hasthemes.com/brook-preview/img/bg/bg-image-6.jpg]
[demo.hasthemes.com/brook-preview/img/bg/bg-image-7.jpg]
[demo.hasthemes.com/brook-preview/img/bg/bg-image-8.jpg]
[demo.hasthemes.com/brook-preview/img/bg/bg-image-9.jpg]
[demo.hasthemes.com/brook-preview/img/bg/bg-image-10.jpg]
[demo.hasthemes.com/brook-preview/img/bg/bg-image-11.jpg]
[demo.hasthemes.com/brook-preview/img/bg/bg-image-12.jpg]
[demo.hasthemes.com/brook-preview/img/bg/bg-image-13.jpg]
[demo.hasthemes.com/brook-preview/img/bg/bg-image-14.jpg]
[demo.hasthemes.com/brook-preview/img/bg/bg-image-15.jpg]
[demo.hasthemes.com/brook-preview/img/bg/bg-image-16.jpg]
[demo.hasthemes.com/brook-preview/img/bg/bg-image-17.jpg]
[demo.hasthemes.com/brook-preview/img/bg/bg-image-18.jpg]
[demo.hasthemes.com/brook-preview/img/bg/bg-image-19.jpg]
[demo.hasthemes.com/brook-preview/img/bg/bg-image-20.jpg]
[demo.hasthemes.com/brook-preview/img/bg/bg-image-21.jpg]
[demo.hasthemes.com/brook-preview/img/bg/bg-image-22.jpg]
[demo.hasthemes.com/brook-preview/img/bg/bg-image-23.jpg]
[demo.hasthemes.com/brook-preview/img/bg/bg-image-24.jpg]
[demo.hasthemes.com/brook-preview/img/bg/bg-image-25.jpg]
[demo.hasthemes.com/brook-preview/img/bg/bg-image-26.jpg]
[demo.hasthemes.com/brook-preview/img/bg/bg-image-27.jpg]
[demo.hasthemes.com/brook-preview/img/bg/bg-image-28.jpg]
[demo.hasthemes.com/brook-preview/img/bg/bg-image-29.jpg]
[demo.hasthemes.com/brook-preview/img/bg/bg-image-30.jpg]
[demo.hasthemes.com/brook-preview/img/bg/bg-image-31.jpg]
[demo.hasthemes.com/brook-preview/img/bg/bg-image-32.jpg]
[demo.hasthemes.com/brook-preview/img/bg/bg-image-33.jpg]
[demo.hasthemes.com/brook-preview/img/bg/bg-image-34.jpg]
[demo.hasthemes.com/brook-preview/img/bg/bg-image-35.jpg]
[demo.hasthemes.com/brook-preview/img/bg/bg-image-36.jpg]
[demo.hasthemes.com/brook-preview/img/bg/bg-image-37.jpg]
[demo.hasthemes.com/brook-preview/img/bg/bg-image-38.jpg]
[demo.hasthemes.com/brook-preview/img/bg/bg-image-39.jpg]
[demo.hasthemes.com/brook-preview/img/bg/bg-image-40.jpg]
[demo.hasthemes.com/brook-preview/img/bg/bg-image-41.jpg]
[demo.hasthemes.com/brook-preview/img/bg/bg-image-42.jpg]
[demo.hasthemes.com/brook-preview/img/bg/bg-image-43.jpg]
[demo.hasthemes.com/brook-preview/img/bg/bg-image-44.jpg]
[demo.hasthemes.com/brook-preview/img/bg/bg-image-45.jpg]
[demo.hasthemes.com/brook-preview/img/bg/bg-image-46.jpg]
[demo.hasthemes.com/brook-preview/img/bg/bg-image-47.jpg]
[demo.hasthemes.com/brook-preview/img/bg/bg-image-48.jpg]
[demo.hasthemes.com/brook-preview/img/bg/bg-image-49.jpg]
[demo.hasthemes.com/brook-preview/img/bg/bg-image-50.jpg]
[demo.hasthemes.com/brook-preview/img/bg/bg-image-51.jpg]
[demo.hasthemes.com/brook-preview/img/bg/bg-image-52.jpg]
[demo.hasthemes.com/brook-preview/img/bg/bg-image-53.jpg]
[demo.hasthemes.com/brook-preview/img/bg/bg-image-54.jpg]
[demo.hasthemes.com/brook-preview/img/bg/bg-image-55.jpg]
[demo.hasthemes.com/brook-preview/img/bg/bg-image-56.jpg]
[demo.hasthemes.com/brook-preview/img/bg/bg-image-57.jpg]
[demo.hasthemes.com/brook-preview/img/bg/bg-image-58.jpg]
[demo.hasthemes.com/brook-preview/img/bg/bg-image-59.jpg]
[demo.hasthemes.com/brook-preview/img/slider/type/bg-image-19.jpg]
[demo.hasthemes.com/brook-preview/img/slider/type/bg-image-20.jpg]
[demo.hasthemes.com/brook-preview/img/slider/type/bg-image-21.jpg]
[demo.hasthemes.com/brook-preview/img/slider/type/bg-image-22.jpg]
[demo.hasthemes.com/brook-preview/img/icons/one-page-shape.png]
[demo.hasthemes.com/brook-preview/img/icons/team.png]
[demo.hasthemes.com/brook-preview/img/slider/revolution/slider-4.png]
[demo.hasthemes.com/brook-preview/img/icons/subscribe.png]
[demo.hasthemes.com/brook-preview/img/slider/revolution/slider-5.png]
[demo.hasthemes.com/brook-preview/img/testimonial/testimonial-bg/home-architect-image-03.png]
[demo.hasthemes.com/brook-preview/img/testimonial/testimonial-bg/home-architect-image-02.jpg]
[demo.hasthemes.com/brook-preview/img/icons/light-close.png]
[demo.hasthemes.com/brook-preview/img/icons/home-digital-agency-image-03.jpg]
[demo.hasthemes.com/brook-preview/img/portfolio/grid/paralax-1.jpg]
[demo.hasthemes.com/brook-preview/img/portfolio/grid/paralax-2.jpg]
[demo.hasthemes.com/brook-preview/img/portfolio/grid/paralax-3.jpg]
[demo.hasthemes.com/brook-preview/img/portfolio/grid/paralax-4.jpg]
[demo.hasthemes.com/brook-preview/img/portfolio/grid/paralax-5.jpg]
[demo.hasthemes.com/brook-preview/img/portfolio/grid/paralax-6.jpg]
[demo.hasthemes.com/brook-preview/img/portfolio/type-hover/type-hover-1.jpg]
[demo.hasthemes.com/brook-preview/img/portfolio/type-hover/type-hover-2.jpg]
[demo.hasthemes.com/brook-preview/img/portfolio/type-hover/type-hover-3.jpg]
[demo.hasthemes.com/brook-preview/img/portfolio/type-hover/type-hover-4.jpg]
[demo.hasthemes.com/brook-preview/img/portfolio/type-hover/type-hover-5.jpg]
[demo.hasthemes.com/brook-preview/img/portfolio/type-hover/type2-hover-1.jpg]
[demo.hasthemes.com/brook-preview/img/portfolio/type-hover/type2-hover-2.jpg]
[demo.hasthemes.com/brook-preview/img/portfolio/type-hover/type2-hover-3.jpg]
[demo.hasthemes.com/brook-preview/img/portfolio/type-hover/type2-hover-4.jpg]
[demo.hasthemes.com/brook-preview/img/portfolio/type-hover/type2-hover-5.jpg]
[demo.hasthemes.com/brook-preview/img/portfolio/type-hover/type3-hover-1.jpg]
[demo.hasthemes.com/brook-preview/img/portfolio/type-hover/type3-hover-2.jpg]
[demo.hasthemes.com/brook-preview/img/portfolio/type-hover/type3-hover-3.jpg]
[demo.hasthemes.com/brook-preview/img/portfolio/type-hover/type3-hover-4.jpg]
[demo.hasthemes.com/brook-preview/img/slider/revolution/slider-3.png]
[demo.hasthemes.com/brook-preview/img/payment/download.png]
[demo.hasthemes.com/brook-preview/img/others/foodie.jpg]
[demo.hasthemes.com/brook-preview/img/slider/vertical-slide/vertical-slide-1.jpg]
[demo.hasthemes.com/brook-preview/img/slider/vertical-slide/vertical-slide-2.jpg]
[demo.hasthemes.com/brook-preview/img/slider/vertical-slide/vertical-slide-3.jpg]
[demo.hasthemes.com/brook-preview/img/slider/vertical-slide/vertical-slide-4.jpg]
[demo.hasthemes.com/brook-preview/img/slider/vertical-slide/vertical-slide-5.jpg]
[demo.hasthemes.com/brook-preview/img/slider/fullscreen/fullscreen-1.jpg]
[demo.hasthemes.com/brook-preview/img/slider/fullscreen/fullscreen-2.jpg]
[demo.hasthemes.com/brook-preview/img/slider/fullscreen/fullscreen-3.jpg]
[demo.hasthemes.com/brook-preview/img/slider/revolution/slider-1.png]
[demo.hasthemes.com/brook-preview/img/slider/revolution/slider-2.png]
[demo.hasthemes.com/brook-preview/img/slider/presentation/home-presentation-image-01.jpg]
[demo.hasthemes.com/brook-preview/img/slider/presentation/home-presentation-image-02.jpg]
[demo.hasthemes.com/brook-preview/img/slider/presentation/home-presentation-image-05.jpg]
[demo.hasthemes.com/brook-preview/img/slider/presentation/bgshape.jpg]
[demo.hasthemes.com/brook-preview/img/slider/presentation/home-presentation-image-04.jpg]
[demo.hasthemes.com/brook-preview/img/icons/grid-separator-dashed.png]
[demo.hasthemes.com/brook-preview/img/preview-image/brook-landing-marque-image-01.jpg]
[demo.hasthemes.com/brook-preview/img/preview-image/brook-landing-immensity-of-template-bg.jpg]
[demo.hasthemes.com/brook-preview/img/preview-image/brook-landing-footer-bg-image-01.png]
[demo.hasthemes.com/brook-preview/style.css]
[demo.hasthemes.com/brook-preview/css/custom.css]
[demo.hasthemes.com/brook-preview/img/revoulation/brook-landing-new-slider-slide-bg.jpg]
[demo.hasthemes.com/brook-preview/img/revoulation/brook-landing-new-slider-slide-image-01.png]
[demo.hasthemes.com/brook-preview/img/revoulation/brook-landing-new-slider-slide-image-02.png]
[demo.hasthemes.com/brook-preview/img/revoulation/brook-landing-new-slider-slide-image-03.png]
[demo.hasthemes.com/brook-preview/img/revoulation/brook-landing-new-slider-slide-image-04.png]
[demo.hasthemes.com/brook-preview/img/revoulation/brook-landing-new-slider-slide-image-05.png]
[demo.hasthemes.com/brook-preview/img/revoulation/brook-landing-new-slider-slide-image-06.png]
[demo.hasthemes.com/brook-preview/img/revoulation/brook-landing-new-slider-slide-logo-02.png]
[demo.hasthemes.com/brook-preview/img/preview-image/landing-page-home-business-preview.jpg]
[demo.hasthemes.com/brook-preview/img/preview-image/landing-page-home-revolutionary-preview.jpg]
[demo.hasthemes.com/brook-preview/img/preview-image/landing-page-home-expert-preview.jpg]
[demo.hasthemes.com/brook-preview/img/preview-image/landing-page-home-news-bulletin-preview.jpg]
[demo.hasthemes.com/brook-preview/img/preview-image/landing-page-home-digital-broadsheets-preview.jpg]
[demo.hasthemes.com/brook-preview/img/preview-image/landing-page-home-astronomy-preview.jpg]
[demo.hasthemes.com/brook-preview/img/preview-image/landing-page-home-authentic-studio-preview.jpg]
[demo.hasthemes.com/brook-preview/img/preview-image/landing-page-home-creative-studio-preview.jpg]
[demo.hasthemes.com/brook-preview/img/preview-image/landing-page-home-digital-agency-preview.jpg]
[demo.hasthemes.com/brook-preview/img/preview-image/landing-page-home-vertical-menu-preview.jpg]
[demo.hasthemes.com/brook-preview/img/preview-image/landing-page-home-design-studio-preview.jpg]
[demo.hasthemes.com/brook-preview/img/preview-image/landing-page-home-creative-portfolio-preview.png]
[demo.hasthemes.com/brook-preview/img/preview-image/landing-page-home-freelancer-preview.jpg]
[demo.hasthemes.com/brook-preview/img/preview-image/landing-page-home-vertical-slide-portfolio-preview.jpg]
[demo.hasthemes.com/brook-preview/img/preview-image/landing-page-home-minimal-portfolio-preview.jpg]
[demo.hasthemes.com/brook-preview/img/preview-image/landing-page-home-onepage-preview.jpg]
[demo.hasthemes.com/brook-preview/img/preview-image/landing-page-home-portfolio-hover-type-02-preview.jpg]
[demo.hasthemes.com/brook-preview/img/preview-image/landing-page-home-minimal-agency-preview.jpg]
[demo.hasthemes.com/brook-preview/img/preview-image/landing-page-home-start-ups-preview.jpg]
[demo.hasthemes.com/brook-preview/img/preview-image/landing-page-home-presentation-preview.jpg]
[demo.hasthemes.com/brook-preview/img/preview-image/landing-page-home-metro-blog-preview.jpg]
[demo.hasthemes.com/brook-preview/img/preview-image/landing-page-home-portfolio-fullscreen-slider-left-vertical-header-preview.jpg]
[demo.hasthemes.com/brook-preview/img/preview-image/landing-page-home-masonry-gallery-preview.jpg]
[demo.hasthemes.com/brook-preview/img/preview-image/landing-page-home-service-preview.jpg]
[demo.hasthemes.com/brook-preview/img/preview-image/landing-page-home-minimal-metro-grid-preview.jpg]
[demo.hasthemes.com/brook-preview/img/preview-image/landing-page-home-shop-preview.jpg]
[demo.hasthemes.com/brook-preview/img/preview-image/landing-page-home-product-landing-preview.jpg]
[demo.hasthemes.com/brook-preview/img/preview-image/landing-page-home-indie-musician-preview.jpg]
[demo.hasthemes.com/brook-preview/img/preview-image/landing-page-home-portfolio-masonry-left-vertical-header-preview.jpg]
[demo.hasthemes.com/brook-preview/img/preview-image/landing-page-home-foodie-preview.jpg]
[demo.hasthemes.com/brook-preview/img/preview-image/landing-page-home-vertical-slide-gradient-portfolio-preview.jpg]
[demo.hasthemes.com/brook-preview/img/preview-image/landing-page-home-portfolio-fullscreen-type-hover-preview.jpg]
[demo.hasthemes.com/brook-preview/img/preview-image/landing-page-home-portfolio-slide-preview.jpg]
[demo.hasthemes.com/brook-preview/img/preview-image/landing-page-home-photo-slider-gallery-preview.jpg]
[demo.hasthemes.com/brook-preview/img/preview-image/landing-page-home-grid-blog-preview.jpg]
[demo.hasthemes.com/brook-preview/img/revoulation/transparent.png]
[demo.hasthemes.com/brook-preview/img/revoulation/brook-landing-slider-03-slide-01-image-01.png]
[demo.hasthemes.com/brook-preview/img/revoulation/brook-landing-slider-03-slide-02-image-01.png]
[demo.hasthemes.com/brook-preview/img/preview-image/brook-landing-immensity-of-template.png]
[demo.hasthemes.com/brook-preview/img/preview-image/carousel/brook-landing-gallery-new-image-01.jpg]
[demo.hasthemes.com/brook-preview/img/preview-image/carousel/brook-landing-gallery-new-image-02.jpg]
[demo.hasthemes.com/brook-preview/img/preview-image/carousel/brook-landing-gallery-new-image-03.jpg]
[demo.hasthemes.com/brook-preview/img/preview-image/carousel/brook-landing-gallery-new-image-04.jpg]
[demo.hasthemes.com/brook-preview/img/preview-image/carousel/brook-landing-gallery-new-image-05.jpg]
[demo.hasthemes.com/brook-preview/img/preview-image/carousel/brook-landing-gallery-new-image-06.jpg]
[demo.hasthemes.com/brook-preview/img/preview-image/carousel/brook-landing-gallery-new-image-07.jpg]
[demo.hasthemes.com/brook-preview/img/preview-image/carousel/brook-landing-gallery-new-image-08.jpg]
[demo.hasthemes.com/brook-preview/img/revoulation/slider-landing-02-slide-icon-compare.png]
[demo.hasthemes.com/brook-preview/img/revoulation/slider-landing-02-slide-icon-love.png]
[demo.hasthemes.com/brook-preview/img/revoulation/slider-landing-02-slide-image-arrow-02.png]
[demo.hasthemes.com/brook-preview/img/revoulation/slider-landing-02-slide-image-circle.png]
[demo.hasthemes.com/brook-preview/img/revoulation/slider-landing-02-slide-image-laptop.png]
[demo.hasthemes.com/brook-preview/img/revoulation/slider-landing-02-slide-image-arrow-01.png]
[demo.hasthemes.com/brook-preview/img/preview-image/feature/landing-page-theme-feature-01.jpg]
[demo.hasthemes.com/brook-preview/img/preview-image/feature/landing-page-theme-feature-02-new.jpg]
[demo.hasthemes.com/brook-preview/img/preview-image/feature/landing-page-theme-feature-03.jpg]
[demo.hasthemes.com/brook-preview/img/preview-image/feature/landing-page-theme-feature-04.jpg]
[demo.hasthemes.com/brook-preview/img/preview-image/feature/landing-page-theme-feature-05.jpg]
[demo.hasthemes.com/brook-preview/img/preview-image/feature/landing-page-theme-feature-06.jpg]
[demo.hasthemes.com/brook-preview/img/preview-image/feature/landing-page-theme-feature-07.jpg]
[demo.hasthemes.com/brook-preview/img/preview-image/feature/landing-page-theme-feature-08.jpg]
[demo.hasthemes.com/brook-preview/img/preview-image/feature/landing-page-theme-feature-09.jpg]
[demo.hasthemes.com/brook-preview/img/preview-image/feature/landing-page-theme-feature-10.jpg]
[demo.hasthemes.com/brook-preview/index.html]
[demo.hasthemes.com/brook-preview/img/logo/brook.png]
[demo.hasthemes.com/brook-preview/img/revoulation/slider-home-business-slide-01-bg.jpg]
[demo.hasthemes.com/brook-preview/img/revoulation/slider-home-business-slide-01-image-01.png]
[demo.hasthemes.com/brook-preview/img/revoulation/slider-home-business-slide-01-image-03.png]
[demo.hasthemes.com/brook-preview/img/revoulation/slider-business-slide-02-bg.jpg]
[demo.hasthemes.com/brook-preview/img/revoulation/slider-business-slide-02-image-01.png]
[demo.hasthemes.com/brook-preview/img/revoulation/slider-business-slide-03-bg.jpg]
[demo.hasthemes.com/brook-preview/img/revoulation/slider-business-slide-03-image-01.png]
[demo.hasthemes.com/brook-preview/img/portfolio/portfolio-1/portfolio-1.jpg]
[demo.hasthemes.com/brook-preview/img/portfolio/portfolio-1/portfolio-2.jpg]
[demo.hasthemes.com/brook-preview/img/portfolio/portfolio-1/portfolio-3.jpg]
[demo.hasthemes.com/brook-preview/img/portfolio/portfolio-1/portfolio-4.jpg]
[demo.hasthemes.com/brook-preview/img/team/team-1/team-1.jpg]
[demo.hasthemes.com/brook-preview/img/team/shape/team-shape-1.png]
[demo.hasthemes.com/brook-preview/img/team/shape/team-shape-2.png]
[demo.hasthemes.com/brook-preview/img/team/shape/team-shape-3.png]
[demo.hasthemes.com/brook-preview/img/team/team-1/team-2.jpg]
[demo.hasthemes.com/brook-preview/img/team/team-1/team-3.jpg]
[demo.hasthemes.com/brook-preview/img/team/team-1/team-4.jpg]
[demo.hasthemes.com/brook-preview/img/testimonial/clint-1/clint-1.jpg]
[demo.hasthemes.com/brook-preview/img/testimonial/clint-1/clint-2.jpg]
[demo.hasthemes.com/brook-preview/img/testimonial/clint-1/clint-3.jpg]
[demo.hasthemes.com/brook-preview/img/testimonial/clint-1/clint-4.jpg]
[demo.hasthemes.com/brook-preview/img/testimonial/clint-1/clint-5.jpg]
[demo.hasthemes.com/brook-preview/img/testimonial/clint-1/clint-7.jpg]
[demo.hasthemes.com/brook-preview/img/blog/blog-1/blog-01.jpg]
[demo.hasthemes.com/brook-preview/img/blog/blog-1/blog-02.jpg]
[demo.hasthemes.com/brook-preview/img/blog/blog-1/blog-03.jpg]
[demo.hasthemes.com/brook-preview/index-business.html]
[demo.hasthemes.com/brook-preview/img/revoulation/slider-creative-agency-slide-01-bg.jpg]
[demo.hasthemes.com/brook-preview/img/revoulation/slider-creative-agency-slide-01-image-01.png]
[demo.hasthemes.com/brook-preview/img/about/home-creative-agency-image-01.png]
[demo.hasthemes.com/brook-preview/img/service/home-creative-agency-box-image-01.png]
[demo.hasthemes.com/brook-preview/img/service/home-creative-agency-box-image-02.png]
[demo.hasthemes.com/brook-preview/img/service/home-creative-agency-box-image-03.png]
[demo.hasthemes.com/brook-preview/img/portfolio/portfolio-2/portfolio-01.jpg]
[demo.hasthemes.com/brook-preview/img/portfolio/portfolio-2/portfolio-02.jpg]
[demo.hasthemes.com/brook-preview/img/portfolio/portfolio-2/portfolio-03.jpg]
[demo.hasthemes.com/brook-preview/img/portfolio/portfolio-2/portfolio-04.jpg]
[demo.hasthemes.com/brook-preview/img/portfolio/portfolio-2/portfolio-05.jpg]
[demo.hasthemes.com/brook-preview/img/portfolio/portfolio-2/portfolio-06.jpg]
[demo.hasthemes.com/brook-preview/img/testimonial/clint-3/avata-01.png]
[demo.hasthemes.com/brook-preview/img/testimonial/clint-3/avata-02.png]
[demo.hasthemes.com/brook-preview/img/testimonial/clint-3/avata-03.png]
[demo.hasthemes.com/brook-preview/img/blog/blog-2/blog-1.jpg]
[demo.hasthemes.com/brook-preview/img/blog/blog-2/blog-3.jpg]
[demo.hasthemes.com/brook-preview/img/blog/blog-2/blog-4.jpg]
[demo.hasthemes.com/brook-preview/img/blog/blog-2/blog-2.jpg]
[demo.hasthemes.com/brook-preview/index-creative-agency.html]
[demo.hasthemes.com/brook-preview/img/revoulation/slider-digital-agency-slide-01-bg.jpg]
[demo.hasthemes.com/brook-preview/img/revoulation/slider-digital-agency-slide-02-bg.jpg]
[demo.hasthemes.com/brook-preview/img/revoulation/slider-digital-agency-slide-03-bg.jpg]
[demo.hasthemes.com/brook-preview/img/service/service-3/service-1.jpg]
[demo.hasthemes.com/brook-preview/img/service/service-3/service-2.jpg]
[demo.hasthemes.com/brook-preview/img/service/service-3/service-3.jpg]
[demo.hasthemes.com/brook-preview/img/service/service-3/service-4.jpg]
[demo.hasthemes.com/brook-preview/img/service/service-3/service-5.jpg]
[demo.hasthemes.com/brook-preview/img/about/home-digital-agency-image-01.png]
[demo.hasthemes.com/brook-preview/img/portfolio/grid/caption-1.jpg]
[demo.hasthemes.com/brook-preview/img/portfolio/grid/caption-2.jpg]
[demo.hasthemes.com/brook-preview/img/portfolio/grid/caption-3.jpg]
[demo.hasthemes.com/brook-preview/img/portfolio/grid/caption-5.jpg]
[demo.hasthemes.com/brook-preview/img/portfolio/grid/caption-6.jpg]
[demo.hasthemes.com/brook-preview/img/portfolio/grid/caption-4.jpg]
[demo.hasthemes.com/brook-preview/index-digital-agency.html]
[demo.hasthemes.com/brook-preview/img/logo/home-architecture-logo.png]
[demo.hasthemes.com/brook-preview/img/revoulation/slider-home-architecture-slide-bg.jpg]
[demo.hasthemes.com/brook-preview/img/revoulation/slider-home-architecture-slide-image-01.png]
[demo.hasthemes.com/brook-preview/img/revoulation/slider-home-architecture-slide-01-image-01.jpg]
[demo.hasthemes.com/brook-preview/img/revoulation/slider-home-architecture-slide-02-image-01.jpg]
[demo.hasthemes.com/brook-preview/img/revoulation/slider-home-architecture-slide-03-image-01.jpg]
[demo.hasthemes.com/brook-preview/img/icons/singneture.png]
[demo.hasthemes.com/brook-preview/img/about/home-architect-image-04.jpg]
[demo.hasthemes.com/brook-preview/img/service/icon-box/home-architect-service-01-image.png]
[demo.hasthemes.com/brook-preview/img/service/icon-box/home-architect-service-02-image.png]
[demo.hasthemes.com/brook-preview/img/service/icon-box/home-architect-service-03-image.png]
[demo.hasthemes.com/brook-preview/img/service/icon-box/home-architect-service-04-image.png]
[demo.hasthemes.com/brook-preview/img/portfolio/grid/architectute-1.jpg]
[demo.hasthemes.com/brook-preview/img/portfolio/grid/architectute-2.jpg]
[demo.hasthemes.com/brook-preview/img/portfolio/grid/architectute-3.jpg]
[demo.hasthemes.com/brook-preview/img/portfolio/grid/architectute-4.jpg]
[demo.hasthemes.com/brook-preview/img/portfolio/grid/architectute-5.jpg]
[demo.hasthemes.com/brook-preview/img/portfolio/grid/architectute-6.jpg]
[demo.hasthemes.com/brook-preview/img/blog/grid/post-architecture-01.jpg]
[demo.hasthemes.com/brook-preview/img/blog/grid/post-architecture-02.jpg]
[demo.hasthemes.com/brook-preview/img/blog/grid/post-architecture-03.jpg]
[demo.hasthemes.com/brook-preview/img/logo/brook-white2.png]
[demo.hasthemes.com/brook-preview/img/instagram/instagram-1/instagram-7.jpg]
[demo.hasthemes.com/brook-preview/img/instagram/instagram-1/instagram-8.jpg]
[demo.hasthemes.com/brook-preview/img/instagram/instagram-1/instagram-9.jpg]
[demo.hasthemes.com/brook-preview/img/instagram/instagram-1/instagram-10.jpg]
[demo.hasthemes.com/brook-preview/img/instagram/instagram-1/instagram-11.jpg]
[demo.hasthemes.com/brook-preview/img/instagram/instagram-1/instagram-12.jpg]
[demo.hasthemes.com/brook-preview/index-architecture.html]
[demo.hasthemes.com/brook-preview/img/revoulation/slider-home-start-ups-slide-01-bg.jpg]
[demo.hasthemes.com/brook-preview/img/revoulation/slider-home-start-ups-slide-01-image-01.png]
[demo.hasthemes.com/brook-preview/img/about/macbook-02.png]
[demo.hasthemes.com/brook-preview/index-start-ups.html]
[demo.hasthemes.com/brook-preview/img/logo/simple-dark-logo.png]
[demo.hasthemes.com/brook-preview/img/revoulation/slider-minimal-agency-slide-01-image-01.jpg]
[demo.hasthemes.com/brook-preview/img/revoulation/slider-minimal-agency-slide-02-image-01.jpg]
[demo.hasthemes.com/brook-preview/img/revoulation/slider-minimal-agency-slide-03-image-01.jpg]
[demo.hasthemes.com/brook-preview/img/portfolio/grid/metro3-1.jpg]
[demo.hasthemes.com/brook-preview/img/portfolio/grid/metro3-2.jpg]
[demo.hasthemes.com/brook-preview/img/portfolio/grid/metro3-3.jpg]
[demo.hasthemes.com/brook-preview/img/portfolio/grid/metro3-4.jpg]
[demo.hasthemes.com/brook-preview/img/portfolio/grid/metro3-5.jpg]
[demo.hasthemes.com/brook-preview/img/portfolio/grid/metro3-6.jpg]
[demo.hasthemes.com/brook-preview/img/portfolio/grid/metro3-7.jpg]
[demo.hasthemes.com/brook-preview/img/portfolio/grid/metro3-8.jpg]
[demo.hasthemes.com/brook-preview/index-minimal-agency.html]
[demo.hasthemes.com/brook-preview/img/about/about-7.jpg]
[demo.hasthemes.com/brook-preview/img/icons/singneture2.png]
[demo.hasthemes.com/brook-preview/img/portfolio/grid/freelancer-1.jpg]
[demo.hasthemes.com/brook-preview/img/portfolio/grid/freelancer-2.jpg]
[demo.hasthemes.com/brook-preview/img/portfolio/grid/freelancer-3.jpg]
[demo.hasthemes.com/brook-preview/img/portfolio/grid/freelancer-4.jpg]
[demo.hasthemes.com/brook-preview/index-freelancer.html]
[demo.hasthemes.com/brook-preview/img/revoulation/slider-authentic-studio-slide-01-bg.jpg]
[demo.hasthemes.com/brook-preview/img/revoulation/100x50_slider-authentic-studio-slide-02-bg.jpg]
[demo.hasthemes.com/brook-preview/img/revoulation/slider-authentic-studio-slide-02-bg.jpg]
[demo.hasthemes.com/brook-preview/img/revoulation/100x50_slider-authentic-studio-slide-03-bg.jpg]
[demo.hasthemes.com/brook-preview/img/revoulation/slider-authentic-studio-slide-03-bg.jpg]
[demo.hasthemes.com/brook-preview/img/about/home-authentic-studio-image-01.jpg]
[demo.hasthemes.com/brook-preview/img/about/home-authentic-studio-image-02.jpg]
[demo.hasthemes.com/brook-preview/index-authentic-studio.html]
[demo.hasthemes.com/brook-preview/img/clint/social-1.png]
[demo.hasthemes.com/brook-preview/img/clint/social-2.png]
[demo.hasthemes.com/brook-preview/img/clint/social-3.png]
[demo.hasthemes.com/brook-preview/img/clint/social-4.png]
[demo.hasthemes.com/brook-preview/img/instagram/instagram-1/instagram-md-1.jpg]
[demo.hasthemes.com/brook-preview/img/instagram/instagram-1/instagram-md-2.jpg]
[demo.hasthemes.com/brook-preview/img/instagram/instagram-1/instagram-md-3.jpg]
[demo.hasthemes.com/brook-preview/img/instagram/instagram-1/instagram-md-4.jpg]
[demo.hasthemes.com/brook-preview/img/instagram/instagram-1/instagram-md-5.jpg]
[demo.hasthemes.com/brook-preview/img/instagram/instagram-1/instagram-md-6.jpg]
[demo.hasthemes.com/brook-preview/index-revolutionary.html]
[demo.hasthemes.com/brook-preview/img/portfolio/grid/has-center-1.jpg]
[demo.hasthemes.com/brook-preview/img/portfolio/grid/has-center-2.jpg]
[demo.hasthemes.com/brook-preview/img/portfolio/grid/has-center-3.jpg]
[demo.hasthemes.com/brook-preview/img/portfolio/grid/has-center-4.jpg]
[demo.hasthemes.com/brook-preview/index-creative-portfolio.html]
[demo.hasthemes.com/brook-preview/img/portfolio/grid/grid-metro2-1.jpg]
[demo.hasthemes.com/brook-preview/img/portfolio/grid/grid-metro2-2.jpg]
[demo.hasthemes.com/brook-preview/img/portfolio/grid/grid-metro2-3.jpg]
[demo.hasthemes.com/brook-preview/img/portfolio/grid/grid-metro2-4.jpg]
[demo.hasthemes.com/brook-preview/img/portfolio/grid/grid-metro2-5.jpg]
[demo.hasthemes.com/brook-preview/img/portfolio/grid/grid-metro2-6.jpg]
[demo.hasthemes.com/brook-preview/img/portfolio/grid/grid-metro2-7.jpg]
[demo.hasthemes.com/brook-preview/img/portfolio/grid/grid-metro2-8.jpg]
[demo.hasthemes.com/brook-preview/img/portfolio/grid/grid-metro2-9.jpg]
[demo.hasthemes.com/brook-preview/index-minimal-portfolio.html]
[demo.hasthemes.com/brook-preview/img/revoulation/home-vertical-slide-portfolio-slide-01-bg.jpg]
[demo.hasthemes.com/brook-preview/index-vertical-slider-portfolio.html]
[demo.hasthemes.com/brook-preview/media-player.html]
[demo.hasthemes.com/brook-preview/scrollreveal.html]
[demo.hasthemes.com/brook-preview/lightweight-slider.html]
[demo.hasthemes.com/brook-preview/img/slider/vertical-slide/gradient-1.jpg]
[demo.hasthemes.com/brook-preview/img/slider/vertical-slide/gradient-2.jpg]
[demo.hasthemes.com/brook-preview/img/slider/vertical-slide/gradient-3.jpg]
[demo.hasthemes.com/brook-preview/index-vertical-slide-gradient-portfolio.html]
[demo.hasthemes.com/brook-preview/img/logo/dark-retina-logo.png]
[demo.hasthemes.com/brook-preview/index-portfolio-fullscreen-slider-left-vertical-header.html]
[demo.hasthemes.com/brook-preview/img/gallery/gallery-1/mesonry-lg-1.jpg]
[demo.hasthemes.com/brook-preview/img/gallery/gallery-2/gallery-1.jpg]
[demo.hasthemes.com/brook-preview/img/gallery/gallery-2/gallery-2.jpg]
[demo.hasthemes.com/brook-preview/img/gallery/gallery-2/gallery-3.jpg]
[demo.hasthemes.com/brook-preview/img/gallery/gallery-2/gallery-4.jpg]
[demo.hasthemes.com/brook-preview/img/gallery/gallery-2/gallery-5.jpg]
[demo.hasthemes.com/brook-preview/img/gallery/gallery-2/gallery-6.jpg]
[demo.hasthemes.com/brook-preview/img/gallery/gallery-2/gallery-7.jpg]
[demo.hasthemes.com/brook-preview/img/gallery/gallery-2/gallery-8.jpg]
[demo.hasthemes.com/brook-preview/index-masonry-gallery.html]
[demo.hasthemes.com/brook-preview/index-portfolio-fullscreen-type-hover.html]
[demo.hasthemes.com/brook-preview/index-portfolio-fullscreen-type-hover-02.html]
[demo.hasthemes.com/brook-preview/index-digital-broadsheets.html]
[demo.hasthemes.com/brook-preview/portfolio-grid-masonry.html]
[demo.hasthemes.com/brook-preview/img/logo/simple-light-logo.png]
[demo.hasthemes.com/brook-preview/img/revoulation/dark-mouse-icon.png]
[demo.hasthemes.com/brook-preview/img/revoulation/wavy-icon.png]
[demo.hasthemes.com/brook-preview/img/revoulation/slider-home-onepage-slide-01-image-02.png]
[demo.hasthemes.com/brook-preview/img/revoulation/slider-home-onepage-slide-01-image-01.png]
[demo.hasthemes.com/brook-preview/img/service/icon-box/wavy-icon.png]
[demo.hasthemes.com/brook-preview/img/service/icon-box/home-onepage-box-image-01.png]
[demo.hasthemes.com/brook-preview/img/service/icon-box/home-onepage-box-image-02.gif]
[demo.hasthemes.com/brook-preview/img/service/icon-box/home-onepage-box-image-03.gif]
[demo.hasthemes.com/brook-preview/img/team/team-4/team-member-alt-01.png]
[demo.hasthemes.com/brook-preview/img/team/team-4/team-member-alt-02.png]
[demo.hasthemes.com/brook-preview/img/team/team-4/team-member-alt-03.png]
[demo.hasthemes.com/brook-preview/img/team/team-4/team-member-alt-04.png]
[demo.hasthemes.com/brook-preview/img/team/team-4/team-member-alt-05.png]
[demo.hasthemes.com/brook-preview/img/team/team-4/team-member-alt-06.png]
[demo.hasthemes.com/brook-preview/index-onepage.html]
[demo.hasthemes.com/brook-preview/img/revoulation/slider-home-landing-slide-01-bg.jpg]
[demo.hasthemes.com/brook-preview/img/revoulation/slider-home-landing-slide-01-image-01.png]
[demo.hasthemes.com/brook-preview/img/flexable-image-slide/flexable-2/flexable-1.png]
[demo.hasthemes.com/brook-preview/img/flexable-image-slide/flexable-2/flexable-2.png]
[demo.hasthemes.com/brook-preview/img/flexable-image-slide/flexable-2/flexable-3.png]
[demo.hasthemes.com/brook-preview/img/box/grid-box/grid-box-1.jpg]
[demo.hasthemes.com/brook-preview/img/box/grid-box/grid-box-2.jpg]
[demo.hasthemes.com/brook-preview/img/about/home-landing-image-04.png]
[demo.hasthemes.com/brook-preview/img/about/home-landing-image-07.jpg]
[demo.hasthemes.com/brook-preview/img/blog/grid/grid-4.jpg]
[demo.hasthemes.com/brook-preview/img/blog/grid/grid-5.jpg]
[demo.hasthemes.com/brook-preview/img/blog/grid/grid-6.jpg]
[demo.hasthemes.com/brook-preview/index-landing.html]
[demo.hasthemes.com/brook-preview/img/slider/presentation/home-presentation-image-03.png]
[demo.hasthemes.com/brook-preview/img/slider/presentation/iphone-02.png]
[demo.hasthemes.com/brook-preview/index-presentation.html]
[demo.hasthemes.com/brook-preview/img/revoulation/slider-product-landing-slide-01-image-01.png]
[demo.hasthemes.com/brook-preview/img/about/home-product-landing-image-01.jpg]
[demo.hasthemes.com/brook-preview/img/about/landing-icon.png]
[demo.hasthemes.com/brook-preview/img/about/home-product-landing-image-02.jpg]
[demo.hasthemes.com/brook-preview/img/about/home-product-landing-image-03.jpg]
[demo.hasthemes.com/brook-preview/index-product-landing.html]
[demo.hasthemes.com/brook-preview/img/revoulation/slider-home-service-slide-01-bg.jpg]
[demo.hasthemes.com/brook-preview/img/about/home-service-image-02.jpg]
[demo.hasthemes.com/brook-preview/img/flexable-image-slide/flexable-3/flexable-1.jpg]
[demo.hasthemes.com/brook-preview/img/flexable-image-slide/flexable-3/flexable-2.jpg]
[demo.hasthemes.com/brook-preview/img/flexable-image-slide/flexable-3/flexable-3.jpg]
[demo.hasthemes.com/brook-preview/img/about/home-service-image-01.jpg]
[demo.hasthemes.com/brook-preview/img/about/iphone-01.png]
[demo.hasthemes.com/brook-preview/index-home-service.html]
[demo.hasthemes.com/brook-preview/img/box/grid-box/grid-box-3.jpg]
[demo.hasthemes.com/brook-preview/img/box/grid-box/grid-box-4.jpg]
[demo.hasthemes.com/brook-preview/img/product/md-image/product-1.jpg]
[demo.hasthemes.com/brook-preview/img/product/md-image/product-2.jpg]
[demo.hasthemes.com/brook-preview/img/product/md-image/product-3.jpg]
[demo.hasthemes.com/brook-preview/img/product/md-image/product-4.jpg]
[demo.hasthemes.com/brook-preview/img/product/md-image/product-5.jpg]
[demo.hasthemes.com/brook-preview/img/product/md-image/product-6.jpg]
[demo.hasthemes.com/brook-preview/img/product/md-image/product-7.jpg]
[demo.hasthemes.com/brook-preview/img/product/md-image/product-8.jpg]
[demo.hasthemes.com/brook-preview/img/product/md-image/product-9.jpg]
[demo.hasthemes.com/brook-preview/img/about/home-shop-image-02.jpg]
[demo.hasthemes.com/brook-preview/img/payment/method-1.png]
[demo.hasthemes.com/brook-preview/img/payment/method-2.png]
[demo.hasthemes.com/brook-preview/img/payment/method-3.png]
[demo.hasthemes.com/brook-preview/img/payment/method-4.png]
[demo.hasthemes.com/brook-preview/img/payment/method-5.png]
[demo.hasthemes.com/brook-preview/img/payment/method-6.png]
[demo.hasthemes.com/brook-preview/index-shop.html]
[demo.hasthemes.com/brook-preview/img/revoulation/slider-home-indie-musician-slide-01-bg.jpg]
[demo.hasthemes.com/brook-preview/img/about/home-indie-musician-image-01.jpg]
[demo.hasthemes.com/brook-preview/img/blog/musian/musian-1.jpg]
[demo.hasthemes.com/brook-preview/img/blog/musian/musian-2.jpg]
[demo.hasthemes.com/brook-preview/img/blog/musian/musian-3.jpg]
[demo.hasthemes.com/brook-preview/img/gallery/musician/mmusician-lg-1.jpg]
[demo.hasthemes.com/brook-preview/img/gallery/musician/mmusician-md-1.jpg]
[demo.hasthemes.com/brook-preview/img/gallery/musician/mmusician-lg-2.jpg]
[demo.hasthemes.com/brook-preview/img/gallery/musician/mmusician-md-2.jpg]
[demo.hasthemes.com/brook-preview/img/gallery/musician/mmusician-lg-3.jpg]
[demo.hasthemes.com/brook-preview/img/gallery/musician/mmusician-md-3.jpg]
[demo.hasthemes.com/brook-preview/img/gallery/musician/mmusician-lg-4.jpg]
[demo.hasthemes.com/brook-preview/img/gallery/musician/mmusician-md-4.jpg]
[demo.hasthemes.com/brook-preview/img/gallery/musician/mmusician-lg-5.jpg]
[demo.hasthemes.com/brook-preview/img/gallery/musician/mmusician-md-5.jpg]
[demo.hasthemes.com/brook-preview/img/gallery/musician/mmusician-lg-6.jpg]
[demo.hasthemes.com/brook-preview/img/gallery/musician/mmusician-md-6.jpg]
[demo.hasthemes.com/brook-preview/img/about/audio-1.jpg]
[demo.hasthemes.com/brook-preview/img/about/audio-2.jpg]
[demo.hasthemes.com/brook-preview/img/about/audio-3.jpg]
[demo.hasthemes.com/brook-preview/index-indie-musician.html]
[demo.hasthemes.com/brook-preview/img/portfolio/bullet/news-bullet-1.jpg]
[demo.hasthemes.com/brook-preview/img/portfolio/bullet/news-bullet-2.jpg]
[demo.hasthemes.com/brook-preview/img/portfolio/bullet/news-bullet-3.jpg]
[demo.hasthemes.com/brook-preview/img/portfolio/bullet/news-bullet-4.jpg]
[demo.hasthemes.com/brook-preview/img/portfolio/bullet/news-bullet-5.jpg]
[demo.hasthemes.com/brook-preview/img/portfolio/bullet/news-bullet-7.jpg]
[demo.hasthemes.com/brook-preview/img/portfolio/bullet/news-bullet-6.jpg]
[demo.hasthemes.com/brook-preview/img/portfolio/bullet/news-bullet-8.jpg]
[demo.hasthemes.com/brook-preview/index-news-bulletin.html]
[demo.hasthemes.com/brook-preview/img/revoulation/dummy.png]
[demo.hasthemes.com/brook-preview/img/revoulation/slider-agency-website-slide-01-bg.jpg]
[demo.hasthemes.com/brook-preview/img/revoulation/slider-agency-website-slide-01-image-02.png]
[demo.hasthemes.com/brook-preview/img/revoulation/slider-agency-website-slide-01-image-06.png]
[demo.hasthemes.com/brook-preview/img/revoulation/slider-agency-website-slide-01-image-01.png]
[demo.hasthemes.com/brook-preview/img/revoulation/slider-agency-website-slide-01-image-03.png]
[demo.hasthemes.com/brook-preview/img/revoulation/slider-agency-website-slide-01-image-05.png]
[demo.hasthemes.com/brook-preview/img/revoulation/slider-agency-website-slide-01-image-04.png]
[demo.hasthemes.com/brook-preview/img/revoulation/slider-agency-website-slide-01-macbook-frame.png]
[demo.hasthemes.com/brook-preview/img/revoulation/slider-agency-website-slide-01-macbook-content.png]
[demo.hasthemes.com/brook-preview/img/revoulation/slider-agency-website-slide-02-bg.jpg]
[demo.hasthemes.com/brook-preview/img/revoulation/slider-agency-website-slide-02-image-02.png]
[demo.hasthemes.com/brook-preview/img/revoulation/slider-agency-website-slide-02-image-01.png]
[demo.hasthemes.com/brook-preview/img/revoulation/slider-agency-website-slide-02-ipad-frame.png]
[demo.hasthemes.com/brook-preview/img/revoulation/slider-agency-website-slide-02-ipad-content.png]
[demo.hasthemes.com/brook-preview/img/revoulation/slider-agency-website-slide-02-iphone-frame.png]
[demo.hasthemes.com/brook-preview/img/revoulation/slider-agency-website-slide-02-pen.png]
[demo.hasthemes.com/brook-preview/img/revoulation/slider-agency-website-slide-02-iphone-content.png]
[demo.hasthemes.com/brook-preview/img/revoulation/slider-agency-website-slide-03-bg.jpg]
[demo.hasthemes.com/brook-preview/img/revoulation/slider-agency-website-slide-03-image-02.png]
[demo.hasthemes.com/brook-preview/img/revoulation/slider-agency-website-slide-03-image-04.png]
[demo.hasthemes.com/brook-preview/img/revoulation/slider-agency-website-slide-03-image-03.png]
[demo.hasthemes.com/brook-preview/img/revoulation/slider-agency-website-slide-03-image-01.png]
[demo.hasthemes.com/brook-preview/img/revoulation/slider-agency-website-slide-arrow.png]
[demo.hasthemes.com/brook-preview/index-expert.html]
[demo.hasthemes.com/brook-preview/img/service/icon-box/home-vertical-menu-box-icon-image-01.png]
[demo.hasthemes.com/brook-preview/img/service/icon-box/home-vertical-menu-box-icon-image-02.png]
[demo.hasthemes.com/brook-preview/img/blog/grid/grid-7.jpg]
[demo.hasthemes.com/brook-preview/img/blog/grid/grid-8.jpg]
[demo.hasthemes.com/brook-preview/index-vertical-menu.html]
[demo.hasthemes.com/brook-preview/img/slider/photo-slide/photo-slide-1.jpg]
[demo.hasthemes.com/brook-preview/img/slider/photo-slide/photo-slide-2.jpg]
[demo.hasthemes.com/brook-preview/img/slider/photo-slide/photo-slide-3.jpg]
[demo.hasthemes.com/brook-preview/index-photo-slider-gallery.html]
[demo.hasthemes.com/brook-preview/index-minimal-metro-grid.html]
[demo.hasthemes.com/brook-preview/img/logo/simple-dark-logo2.png]
[demo.hasthemes.com/brook-preview/index-portfolio-slide.html]
[demo.hasthemes.com/brook-preview/img/blog/grid/grid-metro-1.jpg]
[demo.hasthemes.com/brook-preview/img/blog/grid/grid-metro-2.jpg]
[demo.hasthemes.com/brook-preview/img/blog/grid/grid-metro-3.jpg]
[demo.hasthemes.com/brook-preview/img/blog/grid/grid-metro-4.jpg]
[demo.hasthemes.com/brook-preview/img/blog/grid/grid-metro-5.jpg]
[demo.hasthemes.com/brook-preview/img/blog/grid/grid-metro-6.jpg]
[demo.hasthemes.com/brook-preview/img/blog/grid/grid-metro-7.jpg]
[demo.hasthemes.com/brook-preview/img/blog/grid/grid-metro-8.jpg]
[demo.hasthemes.com/brook-preview/img/blog/grid/grid-metro-9.jpg]
[demo.hasthemes.com/brook-preview/img/blog/grid/grid-metro-10.jpg]
[demo.hasthemes.com/brook-preview/img/blog/grid/grid-metro-12.jpg]
[demo.hasthemes.com/brook-preview/img/blog/grid/grid-metro-11.jpg]
[demo.hasthemes.com/brook-preview/img/blog/grid/grid-metro-13.jpg]
[demo.hasthemes.com/brook-preview/img/blog/grid/grid-metro-15.jpg]
[demo.hasthemes.com/brook-preview/img/blog/grid/grid-metro-16.jpg]
[demo.hasthemes.com/brook-preview/img/blog/grid/grid-metro-17.jpg]
[demo.hasthemes.com/brook-preview/img/blog/grid/grid-metro-18.jpg]
[demo.hasthemes.com/brook-preview/img/blog/grid/grid-metro-19.jpg]
[demo.hasthemes.com/brook-preview/index-blog-metro.html]
[demo.hasthemes.com/brook-preview/img/blog/big-img/banner-image.jpg]
[demo.hasthemes.com/brook-preview/index-blog-grid.html]
[demo.hasthemes.com/brook-preview/img/others/foodie_text.png]
[demo.hasthemes.com/brook-preview/index-foodie.html]
[demo.hasthemes.com/brook-preview/img/flexable-image-slide/flexale-1/flexable-image-4.jpg]
[demo.hasthemes.com/brook-preview/img/flexable-image-slide/flexale-1/flexable-image-5.jpg]
[demo.hasthemes.com/brook-preview/img/instagram/instagram-1/instagram-1.jpg]
[demo.hasthemes.com/brook-preview/about-us-01.html]
[demo.hasthemes.com/brook-preview/img/gallery/gallery-1/midum-lg-1.jpg]
[demo.hasthemes.com/brook-preview/img/gallery/gallery-1/midum-md-1.jpg]
[demo.hasthemes.com/brook-preview/img/gallery/gallery-1/midum-lg-2.jpg]
[demo.hasthemes.com/brook-preview/img/gallery/gallery-1/midum-md-2.jpg]
[demo.hasthemes.com/brook-preview/img/gallery/gallery-1/midum-lg-3.jpg]
[demo.hasthemes.com/brook-preview/img/gallery/gallery-1/midum-md-3.jpg]
[demo.hasthemes.com/brook-preview/img/gallery/gallery-1/midum-lg-4.jpg]
[demo.hasthemes.com/brook-preview/img/gallery/gallery-1/midum-md-4.jpg]
[demo.hasthemes.com/brook-preview/about-us-02.html]
[demo.hasthemes.com/brook-preview/img/about/about-us-03-image-02.jpg]
[demo.hasthemes.com/brook-preview/img/carousel/cat2-md-1.jpg]
[demo.hasthemes.com/brook-preview/img/carousel/cat2-md-2.jpg]
[demo.hasthemes.com/brook-preview/img/carousel/cat2-md-3.jpg]
[demo.hasthemes.com/brook-preview/img/carousel/cat2-md-4.jpg]
[demo.hasthemes.com/brook-preview/img/about/macbook-01.png]
[demo.hasthemes.com/brook-preview/img/about/about-2.jpg]
[demo.hasthemes.com/brook-preview/about-us-03.html]
[demo.hasthemes.com/brook-preview/img/about/about-3.jpg]
[demo.hasthemes.com/brook-preview/img/team/team-2/team-1.jpg]
[demo.hasthemes.com/brook-preview/img/team/team-2/team-2.jpg]
[demo.hasthemes.com/brook-preview/img/team/team-2/team-3.jpg]
[demo.hasthemes.com/brook-preview/img/team/team-2/team-4.jpg]
[demo.hasthemes.com/brook-preview/about-us-04.html]
[demo.hasthemes.com/brook-preview/img/about/about-4.jpg]
[demo.hasthemes.com/brook-preview/img/about/about-5.jpg]
[demo.hasthemes.com/brook-preview/about-us-05.html]
[demo.hasthemes.com/brook-preview/contact-us-classic.html]
[demo.hasthemes.com/brook-preview/contact-us-modern.html]
[demo.hasthemes.com/brook-preview/contact-us-with-map.html]
[demo.hasthemes.com/brook-preview/services-classic.html]
[demo.hasthemes.com/brook-preview/elements.html]
[demo.hasthemes.com/brook-preview/img/service/modern/service-1.jpg]
[demo.hasthemes.com/brook-preview/services-modern.html]
[demo.hasthemes.com/brook-preview/img/service/modern/service-list-1.jpg]
[demo.hasthemes.com/brook-preview/services-list.html]
[demo.hasthemes.com/brook-preview/pricing-plans.html]
[demo.hasthemes.com/brook-preview/pricing-plans-02.html]
[demo.hasthemes.com/brook-preview/career.html]
[demo.hasthemes.com/brook-preview/team-grid.html]
[demo.hasthemes.com/brook-preview/team-carousel-01.html]
[demo.hasthemes.com/brook-preview/team-carousel-02.html]
[demo.hasthemes.com/brook-preview/maintenance.html]
[demo.hasthemes.com/brook-preview/coming-soon.html]
[demo.hasthemes.com/brook-preview/img/icons/image_404.png]
[demo.hasthemes.com/brook-preview/404.html]
[demo.hasthemes.com/brook-preview/img/product/md-image/product-10.jpg]
[demo.hasthemes.com/brook-preview/shop-minimal.html]
[demo.hasthemes.com/brook-preview/shop-fullwide.html]
[demo.hasthemes.com/brook-preview/cart.html]
[demo.hasthemes.com/brook-preview/compare.html]
[demo.hasthemes.com/brook-preview/my-account.html]
[demo.hasthemes.com/brook-preview/login-register.html]
[demo.hasthemes.com/brook-preview/wishlist.html]
[demo.hasthemes.com/brook-preview/checkout.html]
[demo.hasthemes.com/brook-preview/img/product/md-image/single-product-1.jpg]
[demo.hasthemes.com/brook-preview/img/product/md-image/single-product-2.jpg]
[demo.hasthemes.com/brook-preview/img/product/md-image/single-product-3.jpg]
[demo.hasthemes.com/brook-preview/single-product.html]
[demo.hasthemes.com/brook-preview/img/product/md-image/big.jpg]
[demo.hasthemes.com/brook-preview/img/product/sm-image/small-1.jpg]
[demo.hasthemes.com/brook-preview/img/product/sm-image/small-2.jpg]
[demo.hasthemes.com/brook-preview/img/product/sm-image/small-3.jpg]
[demo.hasthemes.com/brook-preview/single-product2.html]
[demo.hasthemes.com/brook-preview/img/portfolio/grid/grid-1.jpg]
[demo.hasthemes.com/brook-preview/img/portfolio/grid/grid-2.jpg]
[demo.hasthemes.com/brook-preview/img/portfolio/grid/grid-3.jpg]
[demo.hasthemes.com/brook-preview/img/portfolio/grid/grid-4.jpg]
[demo.hasthemes.com/brook-preview/img/portfolio/grid/grid-5.jpg]
[demo.hasthemes.com/brook-preview/img/portfolio/grid/grid-6.jpg]
[demo.hasthemes.com/brook-preview/img/portfolio/grid/grid-7.jpg]
[demo.hasthemes.com/brook-preview/img/portfolio/grid/grid-8.jpg]
[demo.hasthemes.com/brook-preview/img/portfolio/grid/grid-9.jpg]
[demo.hasthemes.com/brook-preview/portfolio-grid-boxed.html]
[demo.hasthemes.com/brook-preview/portfolio-grid-wide.html]
[demo.hasthemes.com/brook-preview/img/portfolio/big-image/caption-1.jpg]
[demo.hasthemes.com/brook-preview/img/portfolio/big-image/caption-2.jpg]
[demo.hasthemes.com/brook-preview/img/portfolio/big-image/caption-3.jpg]
[demo.hasthemes.com/brook-preview/portfolio-details-image-with-caption.html]
[demo.hasthemes.com/brook-preview/img/portfolio/grid/caption-7.jpg]
[demo.hasthemes.com/brook-preview/img/portfolio/grid/caption-8.jpg]
[demo.hasthemes.com/brook-preview/img/portfolio/grid/caption-9.jpg]
[demo.hasthemes.com/brook-preview/portfolio-with-caption-video.html]
[demo.hasthemes.com/brook-preview/img/portfolio/grid/grid-metro-1.jpg]
[demo.hasthemes.com/brook-preview/img/portfolio/grid/grid-metro-2.jpg]
[demo.hasthemes.com/brook-preview/img/portfolio/grid/grid-metro-3.jpg]
[demo.hasthemes.com/brook-preview/img/portfolio/grid/grid-metro-4.jpg]
[demo.hasthemes.com/brook-preview/img/portfolio/grid/grid-metro-5.jpg]
[demo.hasthemes.com/brook-preview/img/portfolio/grid/grid-metro-6.jpg]
[demo.hasthemes.com/brook-preview/img/portfolio/grid/grid-metro-7.jpg]
[demo.hasthemes.com/brook-preview/img/portfolio/grid/grid-metro-8.jpg]
[demo.hasthemes.com/brook-preview/portfolio-grid-metro-01.html]
[demo.hasthemes.com/brook-preview/portfolio-grid-metro-02.html]
[demo.hasthemes.com/brook-preview/portfolio-grid-metro-03.html]
[demo.hasthemes.com/brook-preview/img/portfolio/grid/mesonry-no-gap-1.jpg]
[demo.hasthemes.com/brook-preview/img/portfolio/grid/mesonry-no-gap-2.jpg]
[demo.hasthemes.com/brook-preview/img/portfolio/grid/mesonry-no-gap-3.jpg]
[demo.hasthemes.com/brook-preview/img/portfolio/grid/mesonry-no-gap-5.jpg]
[demo.hasthemes.com/brook-preview/img/portfolio/grid/mesonry-no-gap-6.jpg]
[demo.hasthemes.com/brook-preview/img/portfolio/grid/mesonry-no-gap-4.jpg]
[demo.hasthemes.com/brook-preview/img/portfolio/grid/mesonry-no-gap-7.jpg]
[demo.hasthemes.com/brook-preview/img/portfolio/grid/mesonry-no-gap-8.jpg]
[demo.hasthemes.com/brook-preview/img/portfolio/grid/mesonry-no-gap-9.jpg]
[demo.hasthemes.com/brook-preview/porfolio-grid-masonry-nogap.html]
[demo.hasthemes.com/brook-preview/img/portfolio/grid/load-1.jpg]
[demo.hasthemes.com/brook-preview/img/portfolio/grid/load-2.jpg]
[demo.hasthemes.com/brook-preview/img/portfolio/grid/load-3.jpg]
[demo.hasthemes.com/brook-preview/img/portfolio/grid/load-4.jpg]
[demo.hasthemes.com/brook-preview/img/portfolio/grid/load-5.jpg]
[demo.hasthemes.com/brook-preview/img/portfolio/grid/load-6.jpg]
[demo.hasthemes.com/brook-preview/img/portfolio/grid/load-7.jpg]
[demo.hasthemes.com/brook-preview/img/portfolio/grid/load-8.jpg]
[demo.hasthemes.com/brook-preview/img/portfolio/grid/load-9.jpg]
[demo.hasthemes.com/brook-preview/img/portfolio/grid/load-10.jpg]
[demo.hasthemes.com/brook-preview/img/portfolio/grid/load-11.jpg]
[demo.hasthemes.com/brook-preview/portfolio-ajax-filter.html]
[demo.hasthemes.com/brook-preview/portfolio-static-filter.html]
[demo.hasthemes.com/brook-preview/img/portfolio/grid/load-12.jpg]
[demo.hasthemes.com/brook-preview/img/portfolio/grid/load-27.jpg]
[demo.hasthemes.com/brook-preview/img/portfolio/grid/load-26.jpg]
[demo.hasthemes.com/brook-preview/img/portfolio/grid/load-25.jpg]
[demo.hasthemes.com/brook-preview/img/portfolio/grid/load-24.jpg]
[demo.hasthemes.com/brook-preview/img/portfolio/grid/load-23.jpg]
[demo.hasthemes.com/brook-preview/img/portfolio/grid/load-22.jpg]
[demo.hasthemes.com/brook-preview/img/portfolio/grid/load-20.jpg]
[demo.hasthemes.com/brook-preview/img/portfolio/grid/load-19.jpg]
[demo.hasthemes.com/brook-preview/img/portfolio/grid/load-18.jpg]
[demo.hasthemes.com/brook-preview/img/portfolio/grid/load-21.jpg]
[demo.hasthemes.com/brook-preview/img/portfolio/grid/load-17.jpg]
[demo.hasthemes.com/brook-preview/img/portfolio/grid/load-13.jpg]
[demo.hasthemes.com/brook-preview/portfolio-overlay.html]
[demo.hasthemes.com/brook-preview/img/portfolio/big-image/gallery-1.jpg]
[demo.hasthemes.com/brook-preview/img/portfolio/big-image/gallery-2.jpg]
[demo.hasthemes.com/brook-preview/img/portfolio/big-image/gallery-3.jpg]
[demo.hasthemes.com/brook-preview/portfolio-details.html]
[demo.hasthemes.com/brook-preview/img/portfolio/big-image/gallery-4.jpg]
[demo.hasthemes.com/brook-preview/img/portfolio/big-image/gallery-5.jpg]
[demo.hasthemes.com/brook-preview/img/portfolio/big-image/gallery-6.jpg]
[demo.hasthemes.com/brook-preview/portfolio-details-right.html]
[demo.hasthemes.com/brook-preview/img/portfolio/big-image/gallery-wide-1.jpg]
[demo.hasthemes.com/brook-preview/img/portfolio/big-image/gallery-wide-2.jpg]
[demo.hasthemes.com/brook-preview/portfolio-details-left-wide.html]
[demo.hasthemes.com/brook-preview/img/portfolio/big-image/gallery-wide-3.jpg]
[demo.hasthemes.com/brook-preview/img/portfolio/big-image/gallery-wide-4.jpg]
[demo.hasthemes.com/brook-preview/portfolio-details-right-wide.html]
[demo.hasthemes.com/brook-preview/img/portfolio/big-image/custome-column-1.jpg]
[demo.hasthemes.com/brook-preview/img/portfolio/big-image/custome-column-3.jpg]
[demo.hasthemes.com/brook-preview/img/portfolio/big-image/custome-column-2.jpg]
[demo.hasthemes.com/brook-preview/img/portfolio/big-image/custome-column-4.jpg]
[demo.hasthemes.com/brook-preview/portfolio-details-custom-layout-01.html]
[demo.hasthemes.com/brook-preview/img/portfolio/big-image/layout-two-1.jpg]
[demo.hasthemes.com/brook-preview/img/portfolio/big-image/layout-two-2.jpg]
[demo.hasthemes.com/brook-preview/img/portfolio/big-image/layout-two-3.jpg]
[demo.hasthemes.com/brook-preview/portfolio-details-custom-layout-02.html]
[demo.hasthemes.com/brook-preview/img/flexable-image-slide/flexale-1/flexable-lg--image-1.jpg]
[demo.hasthemes.com/brook-preview/img/flexable-image-slide/flexale-1/flexable-lg--image-2.jpg]
[demo.hasthemes.com/brook-preview/img/flexable-image-slide/flexale-1/flexable-lg--image-3.jpg]
[demo.hasthemes.com/brook-preview/img/flexable-image-slide/flexale-1/flexable-lg--image-4.jpg]
[demo.hasthemes.com/brook-preview/img/flexable-image-slide/flexale-1/flexable-lg--image-5.jpg]
[demo.hasthemes.com/brook-preview/portfolio-details-custom-layout-03.html]
[demo.hasthemes.com/brook-preview/img/carousel/big-gallery-1.jpg]
[demo.hasthemes.com/brook-preview/img/carousel/big-gallery-2.jpg]
[demo.hasthemes.com/brook-preview/img/carousel/big-gallery-3.jpg]
[demo.hasthemes.com/brook-preview/portfolio-details-custom-layout-04.html]
[demo.hasthemes.com/brook-preview/img/portfolio/big-image/portfolio-custom-layout-05-image-01.jpg]
[demo.hasthemes.com/brook-preview/portfolio-details-custom-layout-05.html]
[demo.hasthemes.com/brook-preview/portfolio-details-custom-layout-06.html]
[demo.hasthemes.com/brook-preview/img/carousel/carousel-md-1.jpg]
[demo.hasthemes.com/brook-preview/img/carousel/carousel-md-2.jpg]
[demo.hasthemes.com/brook-preview/img/carousel/carousel-md-3.jpg]
[demo.hasthemes.com/brook-preview/img/carousel/carousel-md-4.jpg]
[demo.hasthemes.com/brook-preview/portfolio-details-custom-layout-07.html]
[demo.hasthemes.com/brook-preview/img/portfolio/big-image/portfolio-custom-layout-08-image-01.jpg]
[demo.hasthemes.com/brook-preview/img/portfolio/big-image/custom-eight-2.jpg]
[demo.hasthemes.com/brook-preview/portfolio-details-custom-layout-08.html]
[demo.hasthemes.com/brook-preview/brand.html]
[demo.hasthemes.com/brook-preview/img/flexable-image-slide/flexale-1/flexable-image-1.jpg]
[demo.hasthemes.com/brook-preview/img/flexable-image-slide/flexale-1/flexable-image-2.jpg]
[demo.hasthemes.com/brook-preview/img/flexable-image-slide/flexale-1/flexable-image-3.jpg]
[demo.hasthemes.com/brook-preview/img/flexable-image-slide/flexale-1/flexable-small--image-1.jpg]
[demo.hasthemes.com/brook-preview/img/flexable-image-slide/flexale-1/flexable-small--image-2.jpg]
[demo.hasthemes.com/brook-preview/img/flexable-image-slide/flexale-1/flexable-small--image-3.jpg]
[demo.hasthemes.com/brook-preview/img/flexable-image-slide/flexale-1/flexable-small--image-5.jpg]
[demo.hasthemes.com/brook-preview/img/flexable-image-slide/flexale-1/flexable-lg--cat-1.jpg]
[demo.hasthemes.com/brook-preview/img/flexable-image-slide/flexale-1/flexable-lg--cat-2.jpg]
[demo.hasthemes.com/brook-preview/img/flexable-image-slide/flexale-1/flexable-lg--cat-3.jpg]
[demo.hasthemes.com/brook-preview/img/flexable-image-slide/flexale-1/flexable-lg--cat-4.jpg]
[demo.hasthemes.com/brook-preview/img/flexable-image-slide/flexale-1/flexable-lg--cat-5.jpg]
[demo.hasthemes.com/brook-preview/flexible-image-slider.html]
[demo.hasthemes.com/brook-preview/carousel-slider.html]
[demo.hasthemes.com/brook-preview/team.html]
[demo.hasthemes.com/brook-preview/pricing-box.html]
[demo.hasthemes.com/brook-preview/img/instagram/instagram-1/instagram-13.jpg]
[demo.hasthemes.com/brook-preview/img/instagram/instagram-1/instagram-14.jpg]
[demo.hasthemes.com/brook-preview/img/instagram/instagram-1/instagram-15.jpg]
[demo.hasthemes.com/brook-preview/img/instagram/instagram-1/instagram-16.jpg]
[demo.hasthemes.com/brook-preview/img/instagram/instagram-1/instagram-17.jpg]
[demo.hasthemes.com/brook-preview/img/instagram/instagram-1/instagram-18.jpg]
[demo.hasthemes.com/brook-preview/call-to-action-banner.html]
[demo.hasthemes.com/brook-preview/instagram.html]
[demo.hasthemes.com/brook-preview/countdown-clocks.html]
[demo.hasthemes.com/brook-preview/counters.html]
[demo.hasthemes.com/brook-preview/progress-charts.html]
[demo.hasthemes.com/brook-preview/icon-boxes.html]
[demo.hasthemes.com/brook-preview/testimonial.html]
[demo.hasthemes.com/brook-preview/dividers.html]
[demo.hasthemes.com/brook-preview/tabs.html]
[demo.hasthemes.com/brook-preview/contact.html]
[demo.hasthemes.com/brook-preview/google-map.html]
[demo.hasthemes.com/brook-preview/social-network.html]
[demo.hasthemes.com/brook-preview/img/gallery/gallery-1/gallery-lg-1.jpg]
[demo.hasthemes.com/brook-preview/img/gallery/gallery-1/gallery-md-1.jpg]
[demo.hasthemes.com/brook-preview/img/gallery/gallery-1/gallery-lg-2.jpg]
[demo.hasthemes.com/brook-preview/img/gallery/gallery-1/gallery-md-2.jpg]
[demo.hasthemes.com/brook-preview/img/gallery/gallery-1/gallery-lg-3.jpg]
[demo.hasthemes.com/brook-preview/img/gallery/gallery-1/gallery-md-3.jpg]
[demo.hasthemes.com/brook-preview/img/gallery/gallery-1/gallery-lg-4.jpg]
[demo.hasthemes.com/brook-preview/img/gallery/gallery-1/gallery-md-4.jpg]
[demo.hasthemes.com/brook-preview/img/gallery/gallery-1/gallery-lg-5.jpg]
[demo.hasthemes.com/brook-preview/img/gallery/gallery-1/gallery-md-5.jpg]
[demo.hasthemes.com/brook-preview/img/gallery/gallery-1/gallery-lg-6.jpg]
[demo.hasthemes.com/brook-preview/img/gallery/gallery-1/gallery-md-6.jpg]
[demo.hasthemes.com/brook-preview/img/gallery/gallery-1/cat-lg-1.jpg]
[demo.hasthemes.com/brook-preview/img/gallery/gallery-1/cat-md-1.jpg]
[demo.hasthemes.com/brook-preview/img/gallery/gallery-1/cat-lg-2.jpg]
[demo.hasthemes.com/brook-preview/img/gallery/gallery-1/cat-md-2.jpg]
[demo.hasthemes.com/brook-preview/img/gallery/gallery-1/cat-lg-3.jpg]
[demo.hasthemes.com/brook-preview/img/gallery/gallery-1/cat-md-3.jpg]
[demo.hasthemes.com/brook-preview/img/gallery/gallery-1/cat-lg-4.jpg]
[demo.hasthemes.com/brook-preview/img/gallery/gallery-1/cat-md-4.jpg]
[demo.hasthemes.com/brook-preview/img/gallery/gallery-1/cat-lg-5.jpg]
[demo.hasthemes.com/brook-preview/img/gallery/gallery-1/cat-md-5.jpg]
[demo.hasthemes.com/brook-preview/img/gallery/gallery-1/cat-lg-6.jpg]
[demo.hasthemes.com/brook-preview/img/gallery/gallery-1/cat-md-6.jpg]
[demo.hasthemes.com/brook-preview/img/gallery/gallery-1/mesonry-md-1.jpg]
[demo.hasthemes.com/brook-preview/img/gallery/gallery-1/mesonry-lg-2.jpg]
[demo.hasthemes.com/brook-preview/img/gallery/gallery-1/mesonry-md-2.jpg]
[demo.hasthemes.com/brook-preview/img/gallery/gallery-1/mesonry-lg-3.jpg]
[demo.hasthemes.com/brook-preview/img/gallery/gallery-1/mesonry-md-3.jpg]
[demo.hasthemes.com/brook-preview/img/gallery/gallery-1/mesonry-lg-4.jpg]
[demo.hasthemes.com/brook-preview/img/gallery/gallery-1/mesonry-md-4.jpg]
[demo.hasthemes.com/brook-preview/img/gallery/gallery-1/mesonry-lg-5.jpg]
[demo.hasthemes.com/brook-preview/img/gallery/gallery-1/mesonry-md-5.jpg]
[demo.hasthemes.com/brook-preview/img/gallery/gallery-1/mesonry-lg-6.jpg]
[demo.hasthemes.com/brook-preview/img/gallery/gallery-1/mesonry-md-6.jpg]
[demo.hasthemes.com/brook-preview/img/gallery/gallery-1/mesonry-lg-7.jpg]
[demo.hasthemes.com/brook-preview/img/gallery/gallery-1/mesonry-md-7.jpg]
[demo.hasthemes.com/brook-preview/img/gallery/gallery-1/mesonry-cat2-lg-1.jpg]
[demo.hasthemes.com/brook-preview/img/gallery/gallery-1/mesonry-cat2-md-1.jpg]
[demo.hasthemes.com/brook-preview/img/gallery/gallery-1/mesonry-cat2-lg-2.jpg]
[demo.hasthemes.com/brook-preview/img/gallery/gallery-1/mesonry-cat2-md-2.jpg]
[demo.hasthemes.com/brook-preview/img/gallery/gallery-1/mesonry-cat2-lg-3.jpg]
[demo.hasthemes.com/brook-preview/img/gallery/gallery-1/mesonry-cat2-md-3.jpg]
[demo.hasthemes.com/brook-preview/img/gallery/gallery-1/mesonry-cat2-lg-4.jpg]
[demo.hasthemes.com/brook-preview/img/gallery/gallery-1/mesonry-cat2-md-4.jpg]
[demo.hasthemes.com/brook-preview/img/gallery/gallery-1/mesonry-cat2-lg-6.jpg]
[demo.hasthemes.com/brook-preview/img/gallery/gallery-1/mesonry-cat2-md-6.jpg]
[demo.hasthemes.com/brook-preview/img/gallery/gallery-1/mesonry-cat2-lg-5.jpg]
[demo.hasthemes.com/brook-preview/img/gallery/gallery-1/mesonry-cat2-md-5.jpg]
[demo.hasthemes.com/brook-preview/img/gallery/gallery-1/justify-md-1.jpg]
[demo.hasthemes.com/brook-preview/img/gallery/gallery-1/justify-lg-2.jpg]
[demo.hasthemes.com/brook-preview/img/gallery/gallery-1/justify-md-2.jpg]
[demo.hasthemes.com/brook-preview/img/gallery/gallery-1/justify-md-3.jpg]
[demo.hasthemes.com/brook-preview/img/gallery/gallery-1/justify-lg-4.jpg]
[demo.hasthemes.com/brook-preview/img/gallery/gallery-1/justify-md-4.jpg]
[demo.hasthemes.com/brook-preview/img/gallery/gallery-1/justify-md-5.jpg]
[demo.hasthemes.com/brook-preview/img/gallery/gallery-1/justify-md-6.jpg]
[demo.hasthemes.com/brook-preview/img/gallery/gallery-1/justify-md-7.jpg]
[demo.hasthemes.com/brook-preview/img/gallery/gallery-1/justify-md-8.jpg]
[demo.hasthemes.com/brook-preview/img/gallery/gallery-1/justify-lg-9.jpg]
[demo.hasthemes.com/brook-preview/img/gallery/gallery-1/justify-md-9.jpg]
[demo.hasthemes.com/brook-preview/gallery.html]
[demo.hasthemes.com/brook-preview/img/others/popup-video.jpg]
[demo.hasthemes.com/brook-preview/popup-video.html]
[demo.hasthemes.com/brook-preview/gradation.html]
[demo.hasthemes.com/brook-preview/rows-and-columns.html]
[demo.hasthemes.com/brook-preview/message-box.html]
[demo.hasthemes.com/brook-preview/accordion.html]
[demo.hasthemes.com/brook-preview/buttons.html]
[demo.hasthemes.com/brook-preview/typography.html]
[demo.hasthemes.com/brook-preview/typed-text.html]
[demo.hasthemes.com/brook-preview/lists.html]
[demo.hasthemes.com/brook-preview/pricing-table.html]
[demo.hasthemes.com/brook-preview/img/blog/grid/creative-1.jpg]
[demo.hasthemes.com/brook-preview/img/blog/grid/creative-2.jpg]
[demo.hasthemes.com/brook-preview/img/blog/grid/creative-3.jpg]
[demo.hasthemes.com/brook-preview/img/blog/grid/creative-4.jpg]
[demo.hasthemes.com/brook-preview/blog-creative.html]
[demo.hasthemes.com/brook-preview/blog-standard-list.html]
[demo.hasthemes.com/brook-preview/img/blog/grid/quote1.jpg]
[demo.hasthemes.com/brook-preview/img/blog/grid/grid-9.jpg]
[demo.hasthemes.com/brook-preview/img/blog/grid/grid-10.jpg]
[demo.hasthemes.com/brook-preview/img/blog/grid/grid-11.jpg]
[demo.hasthemes.com/brook-preview/img/blog/grid/grid-12.jpg]
[demo.hasthemes.com/brook-preview/img/blog/grid/grid-13.jpg]
[demo.hasthemes.com/brook-preview/img/blog/grid/grid-14.jpg]
[demo.hasthemes.com/brook-preview/blog-grid-classic.html]
[demo.hasthemes.com/brook-preview/blog-grid-classic-sidebar.html]
[demo.hasthemes.com/brook-preview/img/blog/grid/mesonry-1.jpg]
[demo.hasthemes.com/brook-preview/img/blog/grid/mesonry-2.jpg]
[demo.hasthemes.com/brook-preview/img/blog/grid/mesonry-3.jpg]
[demo.hasthemes.com/brook-preview/img/blog/grid/mesonry-4.jpg]
[demo.hasthemes.com/brook-preview/img/blog/grid/mesonry-5.jpg]
[demo.hasthemes.com/brook-preview/img/blog/grid/mesonry-6.jpg]
[demo.hasthemes.com/brook-preview/img/blog/grid/mesonry-7.jpg]
[demo.hasthemes.com/brook-preview/img/blog/grid/mesonry-8.jpg]
[demo.hasthemes.com/brook-preview/img/blog/grid/mesonry-9.jpg]
[demo.hasthemes.com/brook-preview/blog-grid-mesonry.html]
[demo.hasthemes.com/brook-preview/blog-grid-metro.html]
[demo.hasthemes.com/brook-preview/blog-grid-minimal.html]
[demo.hasthemes.com/brook-preview/blog-grid-minimal-outline.html]
[demo.hasthemes.com/brook-preview/blog-grid-standard.html]
[demo.hasthemes.com/brook-preview/blog-grid-simple.html]
[demo.hasthemes.com/brook-preview/blog-grid-sticky.html]
[demo.hasthemes.com/brook-preview/blog-grid-modern.html]
[demo.hasthemes.com/brook-preview/blog-overlay-image-list.html]
[demo.hasthemes.com/brook-preview/blog-lazy-load.html]
[demo.hasthemes.com/brook-preview/blog-load-more-button.html]
[demo.hasthemes.com/brook-preview/blog-numeric-pagination.html]
[demo.hasthemes.com/brook-preview/img/blog/big-img/standard-post.jpg]
[demo.hasthemes.com/brook-preview/img/blog/big-img/standard-post-2.jpg]
[demo.hasthemes.com/brook-preview/img/blog/clint/clint-1.jpg]
[demo.hasthemes.com/brook-preview/img/blog/clint/clint-2.jpg]
[demo.hasthemes.com/brook-preview/img/blog/clint/clint-3.jpg]
[demo.hasthemes.com/brook-preview/blog-details.html]
[demo.hasthemes.com/brook-preview/img/blog/big-img/post-gallery-1.jpg]
[demo.hasthemes.com/brook-preview/img/blog/big-img/post-gallery-2.jpg]
[demo.hasthemes.com/brook-preview/img/blog/big-img/post-gallery-3.jpg]
[demo.hasthemes.com/brook-preview/blog-details-gallery.html]
[demo.hasthemes.com/brook-preview/img/blog/big-img/video-post.jpg]
[demo.hasthemes.com/brook-preview/blog-details-video.html]
[demo.hasthemes.com/brook-preview/blog-details-audio.html]
[demo.hasthemes.com/brook-preview/blog-details-quote.html]
[demo.hasthemes.com/brook-preview/img/blog/big-img/left-sidebar.jpg]
[demo.hasthemes.com/brook-preview/blog-details-left-sidebar.html]
[demo.hasthemes.com/brook-preview/img/blog/big-img/moderl-layout.jpg]
[demo.hasthemes.com/brook-preview/blog-details-modern-layout.html]
[demo.hasthemes.com/brook-preview/img/blog/big-img/modern-gallery-1.jpg]
[demo.hasthemes.com/brook-preview/img/blog/big-img/modern-gallery-2.jpg]
[demo.hasthemes.com/brook-preview/img/blog/big-img/modern-gallery-3.jpg]
[demo.hasthemes.com/brook-preview/blog-details-modern-layout-gallery.html]
[demo.hasthemes.com/brook-preview/img/blog/big-img/modern-layout-video.jpg]
[demo.hasthemes.com/brook-preview/blog-details-modern-layout-video.html]
[demo.hasthemes.com/brook-preview/blog-details-modern-layout-audio.html]
[demo.hasthemes.com/brook-preview/blog-details-modern-layout-quote.html]
[demo.hasthemes.com/brook-preview/img/blog/big-img/no-sidebar.jpg]
[demo.hasthemes.com/brook-preview/blog-details-no-sidebar.html]
[demo.hasthemes.com/brook-preview/img/revoulation/180x40_astronomy_01.jpg]
[demo.hasthemes.com/brook-preview/img/revoulation/astronomy_01.jpg]
[demo.hasthemes.com/brook-preview/img/revoulation/180x40_astronomy_02.jpg]
[demo.hasthemes.com/brook-preview/img/revoulation/astronomy_02.jpg]
[demo.hasthemes.com/brook-preview/img/revoulation/180x40_astronomy_03.jpg]
[demo.hasthemes.com/brook-preview/img/revoulation/astronomy_03.jpg]
[demo.hasthemes.com/brook-preview/img/revoulation/180x40_astronomy_04.jpg]
[demo.hasthemes.com/brook-preview/img/revoulation/astronomy_04.jpg]
[demo.hasthemes.com/brook-preview/index-astronomy.html]
[demo.hasthemes.com/brook-preview/img/portfolio/grid/portfolio-grid-501.jpg]
[demo.hasthemes.com/brook-preview/img/portfolio/grid/portfolio-grid-502.jpg]
[demo.hasthemes.com/brook-preview/img/portfolio/grid/portfolio-grid-503.jpg]
[demo.hasthemes.com/brook-preview/img/portfolio/grid/portfolio-grid-504.jpg]
[demo.hasthemes.com/brook-preview/img/portfolio/grid/portfolio-grid-505.jpg]
[demo.hasthemes.com/brook-preview/img/portfolio/grid/portfolio-grid-506.jpg]
[demo.hasthemes.com/brook-preview/index-portfolio-mesonry-left-vertical-header.html]
[demo.hasthemes.com/brook-preview/fonts/revicons/revicons90c6.svg]
[demo.hasthemes.com/brook-preview/css/openhand.cur]
[demo.hasthemes.com/brook-preview/css/closedhand.cur]
[demo.hasthemes.com/brook-preview/img/revoulation/gridtile.png]
[demo.hasthemes.com/brook-preview/img/revoulation/gridtile_white.png]
[demo.hasthemes.com/brook-preview/img/revoulation/gridtile_3x3.png]
[demo.hasthemes.com/brook-preview/img/revoulation/gridtile_3x3_white.png]
[demo.hasthemes.com/brook-preview/fonts/fontawesome-free/webfonts/fa-brands-400.eot]
[demo.hasthemes.com/brook-preview/fonts/fontawesome-free/webfonts/fa-brands-400d41d.eot]
[demo.hasthemes.com/brook-preview/fonts/fontawesome-free/webfonts/fa-brands-400.woff2]
[demo.hasthemes.com/brook-preview/fonts/fontawesome-free/webfonts/fa-brands-400.woff]
[demo.hasthemes.com/brook-preview/fonts/fontawesome-free/webfonts/fa-brands-400.ttf]
[demo.hasthemes.com/brook-preview/fonts/fontawesome-free/webfonts/fa-regular-400.eot]
[demo.hasthemes.com/brook-preview/fonts/fontawesome-free/webfonts/fa-regular-400d41d.eot]
[demo.hasthemes.com/brook-preview/fonts/fontawesome-free/webfonts/fa-brands-400.svg]
[demo.hasthemes.com/brook-preview/fonts/fontawesome-free/webfonts/fa-regular-400.woff2]
[demo.hasthemes.com/brook-preview/fonts/fontawesome-free/webfonts/fa-regular-400.woff]
[demo.hasthemes.com/brook-preview/fonts/fontawesome-free/webfonts/fa-regular-400.ttf]
[demo.hasthemes.com/brook-preview/fonts/fontawesome-free/webfonts/fa-regular-400.svg]
[demo.hasthemes.com/brook-preview/fonts/fontawesome-free/webfonts/fa-solid-900.eot]
[demo.hasthemes.com/brook-preview/fonts/fontawesome-free/webfonts/fa-solid-900d41d.eot]
[demo.hasthemes.com/brook-preview/fonts/fontawesome-free/webfonts/fa-solid-900.woff2]
[demo.hasthemes.com/brook-preview/fonts/fontawesome-free/webfonts/fa-solid-900.woff]
[demo.hasthemes.com/brook-preview/fonts/fontawesome-free/css/all.css]
[demo.hasthemes.com/brook-preview/css/meanmenu.css]
[demo.hasthemes.com/brook-preview/fonts/fontawesome-free/webfonts/fa-solid-900.ttf]
[demo.hasthemes.com/brook-preview/fonts/fontawesome-free/webfonts/fa-solid-900.svg]
[demo.hasthemes.com/brook-preview/img/ajax-loader.gif]
[demo.hasthemes.com/brook-preview/fonts/slick.eot]
[demo.hasthemes.com/brook-preview/fonts/slickd41d.eot]
[demo.hasthemes.com/brook-preview/fonts/slick.woff]
[demo.hasthemes.com/brook-preview/fonts/slick.ttf]
[demo.hasthemes.com/brook-preview/css/slick.min.css]
[demo.hasthemes.com/brook-preview/fonts/slick.svg]
[demo.hasthemes.com/brook-preview/fonts/ionicons28b5.eot]
[demo.hasthemes.com/brook-preview/fonts/ionicons28b5.ttf]
[demo.hasthemes.com/brook-preview/fonts/ionicons28b5.woff]
[demo.hasthemes.com/brook-preview/css/ionicons.css]
[demo.hasthemes.com/brook-preview/fonts/louis_george_cafe_bold_italic-webfont.woff2]
[demo.hasthemes.com/brook-preview/fonts/ionicons28b5.svg]
[demo.hasthemes.com/brook-preview/fonts/louis_george_cafe_bold_italic-webfont.woff]
[demo.hasthemes.com/brook-preview/fonts/louis_george_cafe_bold-webfont.woff2]
[demo.hasthemes.com/brook-preview/fonts/louis_george_cafe_bold-webfont.woff]
[demo.hasthemes.com/brook-preview/fonts/louis_george_cafe_italic-webfont.woff2]
[demo.hasthemes.com/brook-preview/fonts/louis_george_cafe_italic-webfont.woff]
[demo.hasthemes.com/brook-preview/fonts/louis_george_cafe_light_italic-webfont.woff2]
[demo.hasthemes.com/brook-preview/fonts/louis_george_cafe_light_italic-webfont.woff]
[demo.hasthemes.com/brook-preview/fonts/louis_george_cafe_light-webfont.woff2]
[demo.hasthemes.com/brook-preview/fonts/louis_george_cafe_light-webfont.woff]
[demo.hasthemes.com/brook-preview/fonts/louis_george_cafe-webfont.woff2]
[demo.hasthemes.com/brook-preview/fonts/louis_george_cafe-webfont.woff]
[demo.hasthemes.com/brook-preview/css/lauis.css]
[demo.hasthemes.com/brook-preview/css/swiper.css]
[demo.hasthemes.com/brook-preview/fonts/linea-basic-10.eot]
[demo.hasthemes.com/brook-preview/fonts/linea-basic-10d41d.eot]
[demo.hasthemes.com/brook-preview/fonts/linea-basic-10.woff]
[demo.hasthemes.com/brook-preview/fonts/linea-basic-10.ttf]
[demo.hasthemes.com/brook-preview/css/linea-font.css]
[demo.hasthemes.com/brook-preview/css/count-flip.css]
[demo.hasthemes.com/brook-preview/css/animation.css]
[demo.hasthemes.com/brook-preview/fonts/linea-basic-10.svg]
[demo.hasthemes.com/brook-preview/img/icons/lgd641.eot]
[demo.hasthemes.com/brook-preview/img/icons/lgd41d.eot]
[demo.hasthemes.com/brook-preview/img/icons/lgd641.woff]
[demo.hasthemes.com/brook-preview/img/icons/lgd641.ttf]
[demo.hasthemes.com/brook-preview/img/icons/vimeo-play.png]
[demo.hasthemes.com/brook-preview/img/icons/video-play.png]
[demo.hasthemes.com/brook-preview/img/icons/youtube-play.png]
[demo.hasthemes.com/brook-preview/img/icons/loading.gif]
[demo.hasthemes.com/brook-preview/css/lightbox.css]
[demo.hasthemes.com/brook-preview/img/icons/loading2.gif]
[demo.hasthemes.com/brook-preview/img/icons/controls.png]
[demo.hasthemes.com/brook-preview/css/justify.css]
[demo.hasthemes.com/brook-preview/css/animated-text.css]
[demo.hasthemes.com/brook-preview/css/jquery-ui.css]
[demo.hasthemes.com/brook-preview/css/plyr.css]
[demo.hasthemes.com/brook-preview/img/bg/bg-image-60.jpg]
[demo.hasthemes.com/brook-preview/img/bg/bg-image-61.jpg]
[demo.hasthemes.com/brook-preview/img/bg/bg-image-62.jpg]
[demo.hasthemes.com/brook-preview/img/bg/bg-image-63.jpg]
[demo.hasthemes.com/brook-preview/img/bg/bg-image-64.jpg]
[demo.hasthemes.com/brook-preview/img/bg/bg-image-65.jpg]
[demo.hasthemes.com/brook-preview/img/bg/bg-image-66.jpg]
[demo.hasthemes.com/brook-preview/img/bg/bg-image-67.jpg]
[demo.hasthemes.com/brook-preview/img/bg/bg-image-68.jpg]
[demo.hasthemes.com/brook-preview/img/bg/bg-image-69.jpg]
[demo.hasthemes.com/brook-preview/img/bg/bg-image-70.jpg]
[demo.hasthemes.com/brook-preview/img/bg/bg-image-71.jpg]
[demo.hasthemes.com/brook-preview/img/bg/bg-image-72.jpg]
[demo.hasthemes.com/brook-preview/img/bg/bg-image-73.jpg]
[demo.hasthemes.com/brook-preview/img/bg/bg-image-74.jpg]
[demo.hasthemes.com/brook-preview/img/bg/bg-image-75.jpg]
[demo.hasthemes.com/brook-preview/img/bg/bg-image-76.jpg]
[demo.hasthemes.com/brook-preview/img/bg/bg-image-77.jpg]
[demo.hasthemes.com/brook-preview/img/bg/bg-image-78.jpg]
[demo.hasthemes.com/brook-preview/img/bg/bg-image-79.jpg]
[demo.hasthemes.com/brook-preview/img/bg/bg-image-80.jpg]
[demo.hasthemes.com/brook-preview/img/bg/bg-image-81.jpg]
[demo.hasthemes.com/brook-preview/img/bg/bg-image-82.jpg]
[demo.hasthemes.com/brook-preview/img/bg/bg-image-83.jpg]
[demo.hasthemes.com/brook-preview/img/bg/bg-image-84.jpg]
[demo.hasthemes.com/brook-preview/img/bg/bg-image-85.jpg]
[demo.hasthemes.com/brook-preview/img/bg/bg-image-86.jpg]
[demo.hasthemes.com/brook-preview/img/bg/bg-image-87.jpg]
[demo.hasthemes.com/brook-preview/img/bg/bg-image-88.jpg]
[demo.hasthemes.com/brook-preview/img/bg/bg-image-89.jpg]
[demo.hasthemes.com/brook-preview/img/bg/bg-image-90.jpg]
[demo.hasthemes.com/brook-preview/img/preview-image/brook-landing-footer-bg-image-02.png]
[demo.hasthemes.com/brook-preview/about.html]
[demo.hasthemes.com/brook-preview/service.html]
[cdn.plyr.io/static/demo/View_From_A_Blue_Moon_Trailer-HD.jpg]
[demo.hasthemes.com/brook-preview/media-player.html]
[demo.hasthemes.com/brook-preview/scrollreveal.html]
[demo.hasthemes.com/brook-preview/lightweight-slider.html]
[demo.hasthemes.com/brook-preview/img/portfolio/grid/mesonry-1.jpg]
[demo.hasthemes.com/brook-preview/img/portfolio/grid/mesonry-2.jpg]
[demo.hasthemes.com/brook-preview/img/portfolio/grid/mesonry-3.jpg]
[demo.hasthemes.com/brook-preview/img/portfolio/grid/mesonry-4.jpg]
[demo.hasthemes.com/brook-preview/img/portfolio/grid/mesonry-5.jpg]
[demo.hasthemes.com/brook-preview/img/portfolio/grid/mesonry-6.jpg]
[demo.hasthemes.com/brook-preview/img/portfolio/grid/mesonry-7.jpg]
[demo.hasthemes.com/brook-preview/img/portfolio/grid/mesonry-8.jpg]
[demo.hasthemes.com/brook-preview/img/portfolio/grid/mesonry-9.jpg]
[demo.hasthemes.com/brook-preview/portfolio-grid-masonry.html]
[demo.hasthemes.com/brook-preview/portfolio-dettails.html]
[demo.hasthemes.com/brook-preview/elements.html]
[demo.hasthemes.com/brook-preview/scss/yellow.css]
[demo.hasthemes.com/brook-preview/fonts/fontawesome-free/webfonts/fa-brands-400.svg]
[demo.hasthemes.com/brook-preview/fonts/fontawesome-free/webfonts/fa-regular-400.svg]
[demo.hasthemes.com/brook-preview/fonts/fontawesome-free/webfonts/fa-solid-900.svg]
[demo.hasthemes.com/brook-preview/fonts/slick.svg]
[demo.hasthemes.com/brook-preview/fonts/ionicons28b5.svg]
[demo.hasthemes.com/brook-preview/fonts/linea-basic-10.svg]
[demo.hasthemes.com/brook-preview/fonts/lgd641.svg]
[demo.hasthemes.com/brook-preview/css/images/ui-bg_inset-hard_100_fcfdfd_1x100.png]
[demo.hasthemes.com/brook-preview/css/images/ui-bg_gloss-wave_55_5c9ccc_500x100.png]
[demo.hasthemes.com/brook-preview/css/images/ui-bg_glass_85_dfeffc_1x400.png]
[demo.hasthemes.com/brook-preview/css/images/ui-bg_glass_75_d0e5f5_1x400.png]
[demo.hasthemes.com/brook-preview/css/images/ui-bg_inset-hard_100_f5f8f9_1x100.png]
[demo.hasthemes.com/brook-preview/css/images/ui-bg_glass_95_fef1ec_1x400.png]
[demo.hasthemes.com/brook-preview/css/images/ui-icons_469bdd_256x240.png]
[demo.hasthemes.com/brook-preview/css/images/ui-icons_d8e7f3_256x240.png]
[demo.hasthemes.com/brook-preview/css/images/ui-icons_6da8d5_256x240.png]
[demo.hasthemes.com/brook-preview/css/images/ui-icons_217bc0_256x240.png]
[demo.hasthemes.com/brook-preview/css/images/ui-icons_f9bd01_256x240.png]
[demo.hasthemes.com/brook-preview/css/images/ui-icons_2e83ff_256x240.png]
[demo.hasthemes.com/brook-preview/css/images/ui-icons_cd0a0a_256x240.png]
